Component: Arm Compiler for Embedded 6.24 Tool: armlink [5f371500]

==============================================================================

Section Cross References

    stm32f4xx_nucleo_144.o(.ARM.exidx.text.BSP_GetVersion) refers to stm32f4xx_nucleo_144.o(.text.BSP_GetVersion) for [Anonymous Symbol]
    stm32f4xx_nucleo_144.o(.text.BSP_LED_Init) refers to stm32f4xx_nucleo_144.o(.data.GPIO_PORT) for GPIO_PORT
    stm32f4xx_nucleo_144.o(.text.BSP_LED_Init) refers to stm32f4xx_nucleo_144.o(.rodata.GPIO_PIN) for GPIO_PIN
    stm32f4xx_nucleo_144.o(.text.BSP_LED_Init) refers to stm32f4xx_hal_gpio.o(.text.HAL_GPIO_Init) for HAL_GPIO_Init
    stm32f4xx_nucleo_144.o(.text.BSP_LED_Init) refers to stm32f4xx_hal_gpio.o(.text.HAL_GPIO_WritePin) for HAL_GPIO_WritePin
    stm32f4xx_nucleo_144.o(.ARM.exidx.text.BSP_LED_Init) refers to stm32f4xx_nucleo_144.o(.text.BSP_LED_Init) for [Anonymous Symbol]
    stm32f4xx_nucleo_144.o(.text.BSP_LED_DeInit) refers to stm32f4xx_nucleo_144.o(.rodata.GPIO_PIN) for GPIO_PIN
    stm32f4xx_nucleo_144.o(.text.BSP_LED_DeInit) refers to stm32f4xx_nucleo_144.o(.data.GPIO_PORT) for GPIO_PORT
    stm32f4xx_nucleo_144.o(.text.BSP_LED_DeInit) refers to stm32f4xx_hal_gpio.o(.text.HAL_GPIO_WritePin) for HAL_GPIO_WritePin
    stm32f4xx_nucleo_144.o(.text.BSP_LED_DeInit) refers to stm32f4xx_hal_gpio.o(.text.HAL_GPIO_DeInit) for HAL_GPIO_DeInit
    stm32f4xx_nucleo_144.o(.ARM.exidx.text.BSP_LED_DeInit) refers to stm32f4xx_nucleo_144.o(.text.BSP_LED_DeInit) for [Anonymous Symbol]
    stm32f4xx_nucleo_144.o(.text.BSP_LED_On) refers to stm32f4xx_nucleo_144.o(.data.GPIO_PORT) for GPIO_PORT
    stm32f4xx_nucleo_144.o(.text.BSP_LED_On) refers to stm32f4xx_nucleo_144.o(.rodata.GPIO_PIN) for GPIO_PIN
    stm32f4xx_nucleo_144.o(.text.BSP_LED_On) refers to stm32f4xx_hal_gpio.o(.text.HAL_GPIO_WritePin) for HAL_GPIO_WritePin
    stm32f4xx_nucleo_144.o(.ARM.exidx.text.BSP_LED_On) refers to stm32f4xx_nucleo_144.o(.text.BSP_LED_On) for [Anonymous Symbol]
    stm32f4xx_nucleo_144.o(.text.BSP_LED_Off) refers to stm32f4xx_nucleo_144.o(.data.GPIO_PORT) for GPIO_PORT
    stm32f4xx_nucleo_144.o(.text.BSP_LED_Off) refers to stm32f4xx_nucleo_144.o(.rodata.GPIO_PIN) for GPIO_PIN
    stm32f4xx_nucleo_144.o(.text.BSP_LED_Off) refers to stm32f4xx_hal_gpio.o(.text.HAL_GPIO_WritePin) for HAL_GPIO_WritePin
    stm32f4xx_nucleo_144.o(.ARM.exidx.text.BSP_LED_Off) refers to stm32f4xx_nucleo_144.o(.text.BSP_LED_Off) for [Anonymous Symbol]
    stm32f4xx_nucleo_144.o(.text.BSP_LED_Toggle) refers to stm32f4xx_nucleo_144.o(.data.GPIO_PORT) for GPIO_PORT
    stm32f4xx_nucleo_144.o(.text.BSP_LED_Toggle) refers to stm32f4xx_nucleo_144.o(.rodata.GPIO_PIN) for GPIO_PIN
    stm32f4xx_nucleo_144.o(.text.BSP_LED_Toggle) refers to stm32f4xx_hal_gpio.o(.text.HAL_GPIO_TogglePin) for HAL_GPIO_TogglePin
    stm32f4xx_nucleo_144.o(.ARM.exidx.text.BSP_LED_Toggle) refers to stm32f4xx_nucleo_144.o(.text.BSP_LED_Toggle) for [Anonymous Symbol]
    stm32f4xx_nucleo_144.o(.text.BSP_PB_Init) refers to stm32f4xx_nucleo_144.o(.data.BUTTON_PORT) for BUTTON_PORT
    stm32f4xx_nucleo_144.o(.text.BSP_PB_Init) refers to stm32f4xx_hal_gpio.o(.text.HAL_GPIO_Init) for HAL_GPIO_Init
    stm32f4xx_nucleo_144.o(.text.BSP_PB_Init) refers to stm32f4xx_hal_cortex.o(.text.HAL_NVIC_SetPriority) for HAL_NVIC_SetPriority
    stm32f4xx_nucleo_144.o(.text.BSP_PB_Init) refers to stm32f4xx_hal_cortex.o(.text.HAL_NVIC_EnableIRQ) for HAL_NVIC_EnableIRQ
    stm32f4xx_nucleo_144.o(.ARM.exidx.text.BSP_PB_Init) refers to stm32f4xx_nucleo_144.o(.text.BSP_PB_Init) for [Anonymous Symbol]
    stm32f4xx_nucleo_144.o(.text.BSP_PB_DeInit) refers to stm32f4xx_hal_cortex.o(.text.HAL_NVIC_DisableIRQ) for HAL_NVIC_DisableIRQ
    stm32f4xx_nucleo_144.o(.text.BSP_PB_DeInit) refers to stm32f4xx_nucleo_144.o(.data.BUTTON_PORT) for BUTTON_PORT
    stm32f4xx_nucleo_144.o(.text.BSP_PB_DeInit) refers to stm32f4xx_hal_gpio.o(.text.HAL_GPIO_DeInit) for HAL_GPIO_DeInit
    stm32f4xx_nucleo_144.o(.ARM.exidx.text.BSP_PB_DeInit) refers to stm32f4xx_nucleo_144.o(.text.BSP_PB_DeInit) for [Anonymous Symbol]
    stm32f4xx_nucleo_144.o(.text.BSP_PB_GetState) refers to stm32f4xx_nucleo_144.o(.data.BUTTON_PORT) for BUTTON_PORT
    stm32f4xx_nucleo_144.o(.text.BSP_PB_GetState) refers to stm32f4xx_hal_gpio.o(.text.HAL_GPIO_ReadPin) for HAL_GPIO_ReadPin
    stm32f4xx_nucleo_144.o(.ARM.exidx.text.BSP_PB_GetState) refers to stm32f4xx_nucleo_144.o(.text.BSP_PB_GetState) for [Anonymous Symbol]
    stm32f4xx_nucleo_144.o(.text.SD_IO_Init) refers to stm32f4xx_hal_gpio.o(.text.HAL_GPIO_Init) for HAL_GPIO_Init
    stm32f4xx_nucleo_144.o(.text.SD_IO_Init) refers to stm32f4xx_hal_gpio.o(.text.HAL_GPIO_WritePin) for HAL_GPIO_WritePin
    stm32f4xx_nucleo_144.o(.text.SD_IO_Init) refers to stm32f4xx_nucleo_144.o(.text.SPIx_Init) for SPIx_Init
    stm32f4xx_nucleo_144.o(.text.SD_IO_Init) refers to stm32f4xx_nucleo_144.o(.data.SpixTimeout) for SpixTimeout
[...]
    Removing stm32f4xx_hal_eth.o(.ARM.exidx.text.HAL_ETH_IRQHandler), (8 bytes).
    Removing stm32f4xx_hal_eth.o(.ARM.exidx.text.HAL_ETH_RxCpltCallback), (8 bytes).
    Removing stm32f4xx_hal_eth.o(.ARM.exidx.text.HAL_ETH_TxCpltCallback), (8 bytes).
    Removing stm32f4xx_hal_eth.o(.ARM.exidx.text.HAL_ETH_ErrorCallback), (8 bytes).
    Removing stm32f4xx_hal_eth.o(.text.HAL_ETH_Start), (322 bytes).
    Removing stm32f4xx_hal_eth.o(.ARM.exidx.text.HAL_ETH_Start), (8 bytes).
    Removing stm32f4xx_hal_eth.o(.text.HAL_ETH_Stop), (326 bytes).
    Removing stm32f4xx_hal_eth.o(.ARM.exidx.text.HAL_ETH_Stop), (8 bytes).
    Removing stm32f4xx_hal_eth.o(.text.HAL_ETH_ConfigMAC), (292 bytes).
    Removing stm32f4xx_hal_eth.o(.ARM.exidx.text.HAL_ETH_ConfigMAC), (8 bytes).
    Removing stm32f4xx_hal_eth.o(.text.HAL_ETH_ConfigDMA), (190 bytes).
    Removing stm32f4xx_hal_eth.o(.ARM.exidx.text.HAL_ETH_ConfigDMA), (8 bytes).
    Removing stm32f4xx_hal_eth.o(.text.HAL_ETH_GetState), (6 bytes).
    Removing stm32f4xx_hal_eth.o(.ARM.exidx.text.HAL_ETH_GetState), (8 bytes).
    Removing font8.o(.text), (0 bytes).
    Removing font8.o(.rodata.Font8_Table), (760 bytes).
    Removing font8.o(.data.Font8), (8 bytes).
    Removing font12.o(.text), (0 bytes).
    Removing font12.o(.rodata.Font12_Table), (1140 bytes).
    Removing font12.o(.data.Font12), (8 bytes).
    Removing font16.o(.text), (0 bytes).
    Removing font16.o(.rodata.Font16_Table), (3040 bytes).
    Removing font16.o(.data.Font16), (8 bytes).
    Removing font20.o(.text), (0 bytes).
    Removing font20.o(.rodata.Font20_Table), (3800 bytes).
    Removing font20.o(.data.Font20), (8 bytes).
    Removing font24.o(.text), (0 bytes).
    Removing font24.o(.rodata.Font24_Table), (6840 bytes).
    Removing font24.o(.data.Font24), (8 bytes).
    Removing Consolas40.o(.text), (0 bytes).
    Removing Consolas40.o(.data.Consolas40), (8 bytes).
    Removing Consolas40.o(.rodata.Consolas40_Table), (11685 bytes).
    Removing Consolas60.o(.text), (0 bytes).
    Removing Consolas60.o(.data.Consolas60), (8 bytes).
    Removing Consolas60.o(.rodata.Consolas60_Table), (28975 bytes).
    Removing Consolas80.o(.text), (0 bytes).
    Removing Consolas80.o(.data.Consolas80), (8 bytes).
    Removing Consolas80.o(.rodata.Consolas80_Table), (46170 bytes).
    Removing Consolas90.o(.text), (0 bytes).
    Removing Consolas90.o(.data.Consolas90), (8 bytes).
    Removing Consolas90.o(.rodata.Consolas90_Table), (60515 bytes).
    Removing ConsolasBold40.o(.text), (0 bytes).
    Removing ConsolasBold40.o(.data.ConsolasBold40), (8 bytes).
    Removing ConsolasBold40.o(.rodata.ConsolasBold40_Table), (11685 bytes).
    Removing ConsolasBold60.o(.text), (0 bytes).
    Removing ConsolasBold60.o(.data.ConsolasBold60), (8 bytes).
    Removing ConsolasBold60.o(.rodata.ConsolasBold60_Table), (28975 bytes).
    Removing ConsolasBold80.o(.text), (0 bytes).
    Removing ConsolasBold80.o(.data.ConsolasBold80), (8 bytes).
    Removing ConsolasBold80.o(.rodata.ConsolasBold80_Table), (46170 bytes).
    Removing ConsolasBold90.o(.text), (0 bytes).
    Removing ConsolasBold90.o(.data.ConsolasBold90), (8 bytes).
    Removing ConsolasBold90.o(.rodata.ConsolasBold90_Table), (60515 bytes).
    Removing CourierNew48.o(.text), (0 bytes).
    Removing CourierNew48.o(.data.CourierNew48), (8 bytes).
    Removing CourierNew48.o(.rodata.CourierNew48_Table), (17860 bytes).
    Removing CourierNewBold40.o(.text), (0 bytes).
    Removing CourierNewBold40.o(.data.CourierNewBold40), (8 bytes).
    Removing CourierNewBold40.o(.rodata.CourierNewBold40_Table), (15960 bytes).
    Removing CourierNewBold60.o(.text), (0 bytes).
    Removing CourierNewBold60.o(.data.CourierNewBold60), (8 bytes).
    Removing CourierNewBold60.o(.rodata.CourierNewBold60_Table), (35340 bytes).
    Removing FiraMono40.o(.text), (0 bytes).
    Removing FiraMono40.o(.data.FiraMono40), (8 bytes).
    Removing FiraMono40.o(.rodata.FiraMono40_Table), (16340 bytes).
    Removing FiraMono60.o(.text), (0 bytes).
    Removing FiraMono60.o(.data.FiraMono60), (8 bytes).
    Removing FiraMono60.o(.rodata.FiraMono60_Table), (30400 bytes).
    Removing FiraMono80.o(.text), (0 bytes).
    Removing FiraMono80.o(.data.FiraMono80), (8 bytes).
    Removing FiraMono80.o(.rodata.FiraMono80_Table), (56525 bytes).
    Removing FiraMono90.o(.text), (0 bytes).
    Removing FiraMono90.o(.data.FiraMono90), (8 bytes).
    Removing FiraMono90.o(.rodata.FiraMono90_Table), (64505 bytes).
    Removing FiraMonoMedium40.o(.text), (0 bytes).
    Removing FiraMonoMedium40.o(.data.FiraMonoMedium40), (8 bytes).
    Removing FiraMonoMedium40.o(.rodata.FiraMonoMedium40_Table), (16720 bytes).
    Removing FiraMonoMedium60.o(.text), (0 bytes).
    Removing FiraMonoMedium60.o(.data.FiraMonoMedium60), (8 bytes).
    Removing FiraMonoMedium60.o(.rodata.FiraMonoMedium60_Table), (30875 bytes).
    Removing FiraMonoMedium80.o(.text), (0 bytes).
    Removing FiraMonoMedium80.o(.data.FiraMonoMedium80), (8 bytes).
    Removing FiraMonoMedium80.o(.rodata.FiraMonoMedium80_Table), (57855 bytes).
    Removing FiraMonoMedium90.o(.text), (0 bytes).
    Removing FiraMonoMedium90.o(.data.FiraMonoMedium90), (8 bytes).
    Removing FiraMonoMedium90.o(.rodata.FiraMonoMedium90_Table), (64505 bytes).
    Removing fontsFLASH.o(.text), (0 bytes).
    Removing fontsFLASH.o(.text.checkVersionFlashFonts), (24 bytes).
    Removing fontsFLASH.o(.ARM.exidx.text.checkVersionFlashFonts), (8 bytes).
    Removing fontsFLASH.o(.data.Font24FLASH), (8 bytes).
    Removing fontsFLASH.o(.data.Font20FLASH), (8 bytes).
    Removing fontsFLASH.o(.data.Font12FLASH), (8 bytes).
    Removing fontsFLASH.o(.data.Font8FLASH), (8 bytes).
    Removing fontsFLASH.o(.data.CourierNew48FLASH), (8 bytes).
    Removing fontsFLASH.o(.data.CourierNewBold40FLASH), (8 bytes).
    Removing fontsFLASH.o(.data.CourierNewBold60FLASH), (8 bytes).
    Removing fontsFLASH.o(.data.Consolas40FLASH), (8 bytes).
    Removing fontsFLASH.o(.data.Consolas60FLASH), (8 bytes).
    Removing fontsFLASH.o(.data.Consolas80FLASH), (8 bytes).
    Removing fontsFLASH.o(.data.Consolas90FLASH), (8 bytes).
    Removing fontsFLASH.o(.data.ConsolasBold40FLASH), (8 bytes).
    Removing fontsFLASH.o(.data.ConsolasBold60FLASH), (8 bytes).
    Removing fontsFLASH.o(.data.ConsolasBold80FLASH), (8 bytes).
    Removing fontsFLASH.o(.data.ConsolasBold90FLASH), (8 bytes).
    Removing fontsFLASH.o(.data.FiraMono40FLASH), (8 bytes).
    Removing fontsFLASH.o(.data.FiraMono60FLASH), (8 bytes).
    Removing fontsFLASH.o(.data.FiraMono80FLASH), (8 bytes).
    Removing fontsFLASH.o(.data.FiraMono90FLASH), (8 bytes).
    Removing fontsFLASH.o(.data.FiraMonoMedium40FLASH), (8 bytes).
    Removing fontsFLASH.o(.data.FiraMonoMedium60FLASH), (8 bytes).
    Removing fontsFLASH.o(.data.FiraMonoMedium80FLASH), (8 bytes).
    Removing fontsFLASH.o(.data.FiraMonoMedium90FLASH), (8 bytes).
    Removing LCD_Driver.o(.text), (0 bytes).
    Removing LCD_Driver.o(.ARM.exidx.text.LCD_init), (8 bytes).
    Removing LCD_Driver.o(.ARM.exidx.text.LCD_fillRectangleMC), (8 bytes).
    Removing LCD_Driver.o(.ARM.exidx.text.LCD_setWindow), (8 bytes).
    Removing LCD_Driver.o(.ARM.exidx.text.LCD_fillRectangleBW), (8 bytes).
    Removing LCD_Driver.o(.ARM.exidx.text.LCD_clear), (8 bytes).
    Removing LCD_Driver.o(.text.LCD_isHorizontalMode), (4 bytes).
    Removing LCD_Driver.o(.ARM.exidx.text.LCD_isHorizontalMode), (8 bytes).
    Removing LCD_Driver.o(.text.LCD_WriteLine), (180 bytes).
    Removing LCD_Driver.o(.ARM.exidx.text.LCD_WriteLine), (8 bytes).
    Removing LCD_GUI.o(.text), (0 bytes).
    Removing LCD_GUI.o(.ARM.exidx.text.GUI_init), (8 bytes).
    Removing LCD_GUI.o(.text.GUI_clear), (4 bytes).
    Removing LCD_GUI.o(.ARM.exidx.text.GUI_clear), (8 bytes).
    Removing LCD_GUI.o(.text.GUI_drawPoint), (100 bytes).
    Removing LCD_GUI.o(.ARM.exidx.text.GUI_drawPoint), (8 bytes).
    Removing LCD_GUI.o(.ARM.exidx.text.GUI_drawRectangle), (8 bytes).
    Removing LCD_GUI.o(.text.GUI_disChar), (136 bytes).
    Removing LCD_GUI.o(.ARM.exidx.text.GUI_disChar), (8 bytes).
    Removing LCD_GUI.o(.ARM.exidx.text.GUI_disStr), (8 bytes).
    Removing LCD_GUI.o(.ARM.exidx.text.GUI_disNum), (8 bytes).
    Removing LCD_GUI.o(.text.GUI_drawCircle), (722 bytes).
    Removing LCD_GUI.o(.ARM.exidx.text.GUI_drawCircle), (8 bytes).
    Removing LCD_GUI.o(.text.GUI_drawLine), (752 bytes).
    Removing LCD_GUI.o(.ARM.exidx.text.GUI_drawLine), (8 bytes).
    Removing LCD_GUI.o(.text.GUI_DisGrayMap), (254 bytes).
    Removing LCD_GUI.o(.ARM.exidx.text.GUI_DisGrayMap), (8 bytes).
    Removing LCD_GUI.o(.text.GUI_WriteLine), (4 bytes).
    Removing LCD_GUI.o(.ARM.exidx.text.GUI_WriteLine), (8 bytes).
    Removing LCD_Touch.o(.text), (0 bytes).
    Removing LCD_Touch.o(.text.distance), (44 bytes).
    Removing LCD_Touch.o(.ARM.exidx.text.distance), (8 bytes).
    Removing LCD_Touch.o(.text.TP_Adjust), (1600 bytes).
    Removing LCD_Touch.o(.ARM.exidx.text.TP_Adjust), (8 bytes).
    Removing LCD_Touch.o(.text.TP_pressed), (308 bytes).
    Removing LCD_Touch.o(.ARM.exidx.text.TP_pressed), (8 bytes).
    Removing LCD_Touch.o(.ARM.exidx.text.TP_InitBasic), (8 bytes).
    Removing LCD_Touch.o(.text.TP_get), (12 bytes).
    Removing LCD_Touch.o(.ARM.exidx.text.TP_get), (8 bytes).
    Removing LCD_Touch.o(.text.TP_Read_ADC_Average), (458 bytes).
    Removing LCD_Touch.o(.ARM.exidx.text.TP_Read_ADC_Average), (8 bytes).
    Removing LCD_Touch.o(.rodata.Cross), (100 bytes).
    Removing LCD_Touch.o(.rodata.str1.1), (24 bytes).
    Removing LCD_SPI.o(.text), (0 bytes).
    Removing LCD_SPI.o(.ARM.exidx.text.SPIinit), (8 bytes).
    Removing LCD_SPI.o(.text.SPIsetTPSpeed), (70 bytes).
    Removing LCD_SPI.o(.ARM.exidx.text.SPIsetTPSpeed), (8 bytes).
    Removing LCD_SPI.o(.text.SPIsetLCDSpeed), (44 bytes).
    Removing LCD_SPI.o(.ARM.exidx.text.SPIsetLCDSpeed), (8 bytes).
    Removing LCD_SPI.o(.ARM.exidx.text.SPI4W_Write_Byte), (8 bytes).
    Removing LCD_SPI.o(.text.SPI4W_Read_Byte), (6 bytes).
    Removing LCD_SPI.o(.ARM.exidx.text.SPI4W_Read_Byte), (8 bytes).
    Removing LCD_GPIO.o(.text), (0 bytes).
    Removing LCD_GPIO.o(.ARM.exidx.text.GPIO_Init), (8 bytes).
    Removing LCD_TIM.o(.text), (0 bytes).
    Removing LCD_TIM.o(.ARM.exidx.text.TIM4_Init), (8 bytes).
    Removing LCD_TIM.o(.ARM.exidx.text.HAL_TIM_PWM_MspInit), (8 bytes).
    Removing LCD_TIM.o(.text.HAL_TIM_PWM_MspDeInit), (34 bytes).
    Removing LCD_TIM.o(.ARM.exidx.text.HAL_TIM_PWM_MspDeInit), (8 bytes).
    Removing LCD_TIM.o(.ARM.exidx.text.PWM_SetValue), (8 bytes).
    Removing LCD_Tools.o(.text), (0 bytes).
    Removing LCD_Tools.o(.ARM.exidx.text.Driver_Delay_ms), (8 bytes).
    Removing LCD_Tools.o(.text.Driver_Delay_us), (2 bytes).
    Removing LCD_Tools.o(.ARM.exidx.text.Driver_Delay_us), (8 bytes).
    Removing LCD_Tools.o(.ARM.exidx.text.LCDErrHandler), (8 bytes).
    Removing LCD_Tools.o(.ARM.exidx.text.itoa), (8 bytes).
    Removing testsoftware.o(.text), (0 bytes).
    Removing testsoftware.o(.text.setTestLedOn), (16 bytes).
    Removing testsoftware.o(.ARM.exidx.text.setTestLedOn), (8 bytes).
    Removing testsoftware.o(.text.setTestLedOff), (16 bytes).
    Removing testsoftware.o(.ARM.exidx.text.setTestLedOff), (8 bytes).
    Removing testsoftware.o(.text.toogleTestLed), (20 bytes).
    Removing testsoftware.o(.ARM.exidx.text.toogleTestLed), (8 bytes).
    Removing testsoftware.o(.text.initTestLed), (76 bytes).
    Removing testsoftware.o(.ARM.exidx.text.initTestLed), (8 bytes).
    Removing testsoftware.o(.text.testDrawRectangle), (624 bytes).
    Removing testsoftware.o(.ARM.exidx.text.testDrawRectangle), (8 bytes).
    Removing testsoftware.o(.text.testDrawLines), (1788 bytes).
    Removing testsoftware.o(.ARM.exidx.text.testDrawLines), (8 bytes).
    Removing testsoftware.o(.rodata.str1.1), (157 bytes).
    Removing LCD_Debug.o(.text), (0 bytes).
    Removing LCD_Debug.o(.ARM.exidx.text.printDebugMsg), (8 bytes).
    Removing LCD_Demos.o(.text), (0 bytes).
    Removing LCD_Demos.o(.text.GUI_show), (484 bytes).
    Removing LCD_Demos.o(.ARM.exidx.text.GUI_show), (8 bytes).
    Removing LCD_Demos.o(.text.TP_Dialog), (244 bytes).
    Removing LCD_Demos.o(.ARM.exidx.text.TP_Dialog), (8 bytes).
    Removing LCD_Demos.o(.text.TP_DrawBoard), (284 bytes).
    Removing LCD_Demos.o(.ARM.exidx.text.TP_DrawBoard), (8 bytes).
    Removing LCD_Demos.o(.rodata.str1.1), (77 bytes).
    Removing LCD_Demos.o(.data.TP_DrawBoard.brushColor), (2 bytes).
    Removing error.o(.text), (0 bytes).
    Removing error.o(.ARM.exidx.text.Error_Handler), (8 bytes).
    Removing lcd.o(.text), (0 bytes).
    Removing lcd.o(.ARM.exidx.text.lcdPrintS), (8 bytes).
    Removing lcd.o(.text.lcdPrintReplS), (332 bytes).
    Removing lcd.o(.ARM.exidx.text.lcdPrintReplS), (8 bytes).
    Removing lcd.o(.text.lcdPrintInt), (32 bytes).
    Removing lcd.o(.ARM.exidx.text.lcdPrintInt), (8 bytes).
    Removing lcd.o(.ARM.exidx.text.lcdPrintlnS), (8 bytes).
    Removing lcd.o(.text.lcdPrintC), (156 bytes).
    Removing lcd.o(.ARM.exidx.text.lcdPrintC), (8 bytes).
    Removing lcd.o(.text.lcdSetFont), (198 bytes).
    Removing lcd.o(.ARM.exidx.text.lcdSetFont), (8 bytes).
    Removing lcd.o(.text.lcdGotoXY), (40 bytes).
    Removing lcd.o(.ARM.exidx.text.lcdGotoXY), (8 bytes).
    Removing lcd.o(.rodata.str1.1), (71 bytes).
    Removing init.o(.text), (0 bytes).
    Removing init.o(.ARM.exidx.text.initITSboard), (8 bytes).
    Removing init.o(.text.initLCDTouch), (32 bytes).
    Removing init.o(.ARM.exidx.text.initLCDTouch), (8 bytes).
    Removing terminal.o(.text), (0 bytes).
    Removing terminal.o(.text.genTerm), (172 bytes).
    Removing terminal.o(.ARM.exidx.text.genTerm), (8 bytes).
    Removing terminal.o(.text.clearTerm), (34 bytes).
    Removing terminal.o(.ARM.exidx.text.clearTerm), (8 bytes).
    Removing terminal.o(.text.setTextColorTerm), (4 bytes).
    Removing terminal.o(.ARM.exidx.text.setTextColorTerm), (8 bytes).
    Removing terminal.o(.text.setPosTerm), (84 bytes).
    Removing terminal.o(.ARM.exidx.text.setPosTerm), (8 bytes).
    Removing terminal.o(.text.printChar), (134 bytes).
    Removing terminal.o(.ARM.exidx.text.printChar), (8 bytes).
    Removing terminal.o(.text.printTerm), (50 bytes).
    Removing terminal.o(.ARM.exidx.text.printTerm), (8 bytes).
    Removing terminal.o(.text.getCurRow), (4 bytes).
    Removing terminal.o(.ARM.exidx.text.getCurRow), (8 bytes).
    Removing terminal.o(.text.getNoOfRows), (4 bytes).
    Removing terminal.o(.ARM.exidx.text.getNoOfRows), (8 bytes).
    Removing keypad.o(.text), (0 bytes).
    Removing keypad.o(.text.makeKeyPad), (224 bytes).
    Removing keypad.o(.ARM.exidx.text.makeKeyPad), (8 bytes).
    Removing keypad.o(.text.printButton), (376 bytes).
    Removing keypad.o(.ARM.exidx.text.printButton), (8 bytes).
    Removing keypad.o(.text.getKeyPadInput), (1102 bytes).
    Removing keypad.o(.ARM.exidx.text.getKeyPadInput), (8 bytes).
    Removing keypad.o(.text.testKeyPad), (600 bytes).
    Removing keypad.o(.ARM.exidx.text.testKeyPad), (8 bytes).
    Removing keypad.o(.rodata.keypad), (336 bytes).
    Removing delay.o(.text), (0 bytes).
    Removing delay.o(.text.delay), (12 bytes).
    Removing delay.o(.ARM.exidx.text.delay), (8 bytes).
    Removing timer.o(.text), (0 bytes).
    Removing timer.o(.text.initTimer), (48 bytes).
    Removing timer.o(.ARM.exidx.text.initTimer), (8 bytes).
    Removing USART_STM32F4xx.o(.text), (0 bytes).
    Removing USART_STM32F4xx.o(.ARM.exidx.text.USART_IRQHandler), (8 bytes).
    Removing USART_STM32F4xx.o(.ARM.exidx.text.USART3_IRQHandler), (8 bytes).
    Removing USART_STM32F4xx.o(.ARM.exidx.text.USARTx_GetVersion), (8 bytes).
    Removing USART_STM32F4xx.o(.ARM.exidx.text.USART3_GetCapabilities), (8 bytes).
    Removing USART_STM32F4xx.o(.ARM.exidx.text.USART3_Initialize), (8 bytes).
    Removing USART_STM32F4xx.o(.ARM.exidx.text.USART3_Uninitialize), (8 bytes).
    Removing USART_STM32F4xx.o(.ARM.exidx.text.USART3_PowerControl), (8 bytes).
    Removing USART_STM32F4xx.o(.ARM.exidx.text.USART3_Send), (8 bytes).
    Removing USART_STM32F4xx.o(.ARM.exidx.text.USART3_Receive), (8 bytes).
    Removing USART_STM32F4xx.o(.ARM.exidx.text.USART3_Transfer), (8 bytes).
    Removing USART_STM32F4xx.o(.ARM.exidx.text.USART3_GetTxCount), (8 bytes).
    Removing USART_STM32F4xx.o(.ARM.exidx.text.USART3_GetRxCount), (8 bytes).
    Removing USART_STM32F4xx.o(.ARM.exidx.text.USART3_Control), (8 bytes).
    Removing USART_STM32F4xx.o(.ARM.exidx.text.USART3_GetStatus), (8 bytes).
    Removing USART_STM32F4xx.o(.ARM.exidx.text.USART3_SetModemControl), (8 bytes).
    Removing USART_STM32F4xx.o(.ARM.exidx.text.USART3_GetModemStatus), (8 bytes).
    Removing USART_STM32F4xx.o(.ARM.exidx.text.USART_PowerControl), (8 bytes).
    Removing stdinout_USART.o(.text), (0 bytes).
    Removing stdinout_USART.o(.ARM.exidx.text.stdinout_init), (8 bytes).
    Removing stdinout_USART.o(.text.stdin_getchar), (50 bytes).
    Removing stdinout_USART.o(.ARM.exidx.text.stdin_getchar), (8 bytes).
    Removing stdinout_USART.o(.text.stdout_putchar), (52 bytes).
    Removing stdinout_USART.o(.ARM.exidx.text.stdout_putchar), (8 bytes).
    Removing main.o(.text), (0 bytes).
    Removing main.o(.ARM.exidx.text.main), (8 bytes).
    Removing main.o(.ARM.use_no_argv), (4 bytes).
    Removing dfltui.o(.text), (26 bytes).
    Removing dfixi.o(.text), (62 bytes).
    Removing depilogue.o(.text), (186 bytes).
    Removing dadd.o(.text), (334 bytes).
    Removing dmul.o(.text), (228 bytes).
    Removing ddiv.o(.text), (222 bytes).
    Removing dsqrt.o(.text), (162 bytes).
    Removing dfixul.o(.text), (48 bytes).
    Removing cdrcmple.o(.text), (48 bytes).

987 unused section(s) (total 768363 bytes) removed from the image.

==============================================================================

Image Symbol Table

    Local Symbols

    Symbol Name                              Value     Ov Type        Size  Object(Section)

    ../clib/division.s                       0x00000000   Number         0  aeabi_sdiv.o ABSOLUTE
    ../clib/microlib/division.c              0x00000000   Number         0  uldiv.o ABSOLUTE
    ../clib/microlib/division.c              0x00000000   Number         0  uidiv.o ABSOLUTE
    ../clib/microlib/errno.c                 0x00000000   Number         0  errno.o ABSOLUTE
    ../clib/microlib/init/entry.s            0x00000000   Number         0  entry.o ABSOLUTE
    ../clib/microlib/init/entry.s            0x00000000   Number         0  entry2.o ABSOLUTE
    ../clib/microlib/init/entry.s            0x00000000   Number         0  entry5.o ABSOLUTE
    ../clib/microlib/init/entry.s            0x00000000   Number         0  entry7a.o ABSOLUTE
    ../clib/microlib/init/entry.s            0x00000000   Number         0  entry7b.o ABSOLUTE
    ../clib/microlib/init/entry.s            0x00000000   Number         0  entry8a.o ABSOLUTE
    ../clib/microlib/init/entry.s            0x00000000   Number         0  entry8b.o ABSOLUTE
    ../clib/microlib/init/entry.s            0x00000000   Number         0  entry9a.o ABSOLUTE
    ../clib/microlib/init/entry.s            0x00000000   Number         0  entry9b.o ABSOLUTE
    ../clib/microlib/init/entry.s            0x00000000   Number         0  entry10a.o ABSOLUTE
    ../clib/microlib/init/entry.s            0x00000000   Number         0  entry10b.o ABSOLUTE
    ../clib/microlib/init/entry.s            0x00000000   Number         0  entry11a.o ABSOLUTE
    ../clib/microlib/init/entry.s            0x00000000   Number         0  entry11b.o ABSOLUTE
    ../clib/microlib/longlong.c              0x00000000   Number         0  llshl.o ABSOLUTE
    ../clib/microlib/longlong.c              0x00000000   Number         0  llushr.o ABSOLUTE
    ../clib/microlib/longlong.c              0x00000000   Number         0  llsshr.o ABSOLUTE
    ../clib/microlib/printf/printf.c         0x00000000   Number         0  printfb.o ABSOLUTE
    ../clib/microlib/printf/printf.c         0x00000000   Number         0  printf0.o ABSOLUTE
    ../clib/microlib/printf/printf.c         0x00000000   Number         0  printf1.o ABSOLUTE
    ../clib/microlib/printf/printf.c         0x00000000   Number         0  printf2.o ABSOLUTE
    ../clib/microlib/printf/printf.c         0x00000000   Number         0  printf3.o ABSOLUTE
    ../clib/microlib/printf/printf.c         0x00000000   Number         0  printf4.o ABSOLUTE
    ../clib/microlib/printf/printf.c         0x00000000   Number         0  printf5.o ABSOLUTE
    ../clib/microlib/printf/printf.c         0x00000000   Number         0  printf6.o ABSOLUTE
    ../clib/microlib/printf/printf.c         0x00000000   Number         0  printf7.o ABSOLUTE
    ../clib/microlib/printf/printf.c         0x00000000   Number         0  printf8.o ABSOLUTE
    ../clib/microlib/printf/printf.c         0x00000000   Number         0  printfa.o ABSOLUTE
    ../clib/microlib/printf/stubs.s          0x00000000   Number         0  printfstubs.o ABSOLUTE
    ../clib/microlib/stdio/fputc.c           0x00000000   Number         0  fputc.o ABSOLUTE
    ../clib/microlib/stdio/fputc.c           0x00000000   Number         0  fputc_h.o ABSOLUTE
    ../clib/microlib/stdio/puts.c            0x00000000   Number         0  puts.o ABSOLUTE
    ../clib/microlib/stdio/puts.c            0x00000000   Number         0  puts_e.o ABSOLUTE
    ../clib/microlib/stdio/semi.s            0x00000000   Number         0  semi.o ABSOLUTE
    ../clib/microlib/stdio/streams.c         0x00000000   Number         0  stdout.o ABSOLUTE
    ../clib/microlib/string/memcpy.c         0x00000000   Number         0  memcpya.o ABSOLUTE
    ../clib/microlib/string/memcpy.c         0x00000000   Number         0  memcpyb.o ABSOLUTE
    ../clib/microlib/string/memset.c         0x00000000   Number         0  memseta.o ABSOLUTE
    ../clib/microlib/string/strlen.c         0x00000000   Number         0  strlen.o ABSOLUTE
    ../clib/microlib/stubs.s                 0x00000000   Number         0  iusefp.o ABSOLUTE
    ../clib/microlib/stubs.s                 0x00000000   Number         0  iusesemip.o ABSOLUTE
    ../fplib/microlib/fpadd.c                0x00000000   Number         0  dadd.o ABSOLUTE
    ../fplib/microlib/fpdiv.c                0x00000000   Number         0  ddiv.o ABSOLUTE
    ../fplib/microlib/fpepilogue.c           0x00000000   Number         0  depilogue.o ABSOLUTE
    ../fplib/microlib/fpfix.c                0x00000000   Number         0  dfixi.o ABSOLUTE
    ../fplib/microlib/fpfix.c                0x00000000   Number         0  dfixul.o ABSOLUTE
    ../fplib/microlib/fpflt.c                0x00000000   Number         0  dfltui.o ABSOLUTE
    ../fplib/microlib/fpmul.c                0x00000000   Number         0  dmul.o ABSOLUTE
    ../fplib/microlib/fpsqrt.c               0x00000000   Number         0  dsqrt.o ABSOLUTE
    ../mathlib/sqrt.c                        0x00000000   Number         0  sqrt.o ABSOLUTE
    C:/TI_Labor/gitProjekte/ITSBoard_2_Semester/ITS_BRD_LIB/Src/startup/startup_stm32f429xx.s 0x00000000   Number         0  startup_stm32f429xx.o ABSOLUTE
    Consolas40.c                             0x00000000   Number         0  Consolas40.o ABSOLUTE
    Consolas60.c                             0x00000000   Number         0  Consolas60.o ABSOLUTE
    Consolas80.c                             0x00000000   Number         0  Consolas80.o ABSOLUTE
    Consolas90.c                             0x00000000   Number         0  Consolas90.o ABSOLUTE
    ConsolasBold40.c                         0x00000000   Number         0  ConsolasBold40.o ABSOLUTE
    ConsolasBold60.c                         0x00000000   Number         0  ConsolasBold60.o ABSOLUTE
    ConsolasBold80.c                         0x00000000   Number         0  ConsolasBold80.o ABSOLUTE
    ConsolasBold90.c                         0x00000000   Number         0  ConsolasBold90.o ABSOLUTE
    CourierNew48.c                           0x00000000   Number         0  CourierNew48.o ABSOLUTE
    CourierNewBold40.c                       0x00000000   Number         0  CourierNewBold40.o ABSOLUTE
    CourierNewBold60.c                       0x00000000   Number         0  CourierNewBold60.o ABSOLUTE
    FiraMono40.c                             0x00000000   Number         0  FiraMono40.o ABSOLUTE
    FiraMono60.c                             0x00000000   Number         0  FiraMono60.o ABSOLUTE
    FiraMono80.c                             0x00000000   Number         0  FiraMono80.o ABSOLUTE
    FiraMono90.c                             0x00000000   Number         0  FiraMono90.o ABSOLUTE
    FiraMonoMedium40.c                       0x00000000   Number         0  FiraMonoMedium40.o ABSOLUTE
    FiraMonoMedium60.c                       0x00000000   Number         0  FiraMonoMedium60.o ABSOLUTE
    FiraMonoMedium80.c                       0x00000000   Number         0  FiraMonoMedium80.o ABSOLUTE
    FiraMonoMedium90.c                       0x00000000   Number         0  FiraMonoMedium90.o ABSOLUTE
    LCD_Debug.c                              0x00000000   Number         0  LCD_Debug.o ABSOLUTE
    LCD_Demos.c                              0x00000000   Number         0  LCD_Demos.o ABSOLUTE
    LCD_Driver.c                             0x00000000   Number         0  LCD_Driver.o ABSOLUTE
    LCD_GPIO.c                               0x00000000   Number         0  LCD_GPIO.o ABSOLUTE
    LCD_GUI.c                                0x00000000   Number         0  LCD_GUI.o ABSOLUTE
    LCD_SPI.c                                0x00000000   Number         0  LCD_SPI.o ABSOLUTE
    LCD_TIM.c                                0x00000000   Number         0  LCD_TIM.o ABSOLUTE
    LCD_Tools.c                              0x00000000   Number         0  LCD_Tools.o ABSOLUTE
    LCD_Touch.c                              0x00000000   Number         0  LCD_Touch.o ABSOLUTE
    USART_STM32F4xx.c                        0x00000000   Number         0  USART_STM32F4xx.o ABSOLUTE
    cdrcmple.s                               0x00000000   Number         0  cdrcmple.o ABSOLUTE
    dc.s                                     0x00000000   Number         0  dc.o ABSOLUTE
    delay.c                                  0x00000000   Number         0  delay.o ABSOLUTE
    error.c                                  0x00000000   Number         0  error.o ABSOLUTE
    font12.c                                 0x00000000   Number         0  font12.o ABSOLUTE
    font16.c                                 0x00000000   Number         0  font16.o ABSOLUTE
    font20.c                                 0x00000000   Number         0  font20.o ABSOLUTE
    font24.c                                 0x00000000   Number         0  font24.o ABSOLUTE
    font8.c                                  0x00000000   Number         0  font8.o ABSOLUTE
    fontsFLASH.c                             0x00000000   Number         0  fontsFLASH.o ABSOLUTE
    handlers.s                               0x00000000   Number         0  handlers.o ABSOLUTE
    init.c                                   0x00000000   Number         0  init.o ABSOLUTE
    init.s                                   0x00000000   Number         0  init.o ABSOLUTE
    keypad.c                                 0x00000000   Number         0  keypad.o ABSOLUTE
    lcd.c                                    0x00000000   Number         0  lcd.o ABSOLUTE
    main.c                                   0x00000000   Number         0  main.o ABSOLUTE
    stdinout_USART.c                         0x00000000   Number         0  stdinout_USART.o ABSOLUTE
    stm32f4xx_hal.c                          0x00000000   Number         0  stm32f4xx_hal.o ABSOLUTE
    stm32f4xx_hal_cortex.c                   0x00000000   Number         0  stm32f4xx_hal_cortex.o ABSOLUTE
    stm32f4xx_hal_dma.c                      0x00000000   Number         0  stm32f4xx_hal_dma.o ABSOLUTE
    stm32f4xx_hal_eth.c                      0x00000000   Number         0  stm32f4xx_hal_eth.o ABSOLUTE
    stm32f4xx_hal_gpio.c                     0x00000000   Number         0  stm32f4xx_hal_gpio.o ABSOLUTE
    stm32f4xx_hal_pwr.c                      0x00000000   Number         0  stm32f4xx_hal_pwr.o ABSOLUTE
    stm32f4xx_hal_pwr_ex.c                   0x00000000   Number         0  stm32f4xx_hal_pwr_ex.o ABSOLUTE
    stm32f4xx_hal_rcc.c                      0x00000000   Number         0  stm32f4xx_hal_rcc.o ABSOLUTE
    stm32f4xx_hal_spi.c                      0x00000000   Number         0  stm32f4xx_hal_spi.o ABSOLUTE
    stm32f4xx_hal_tim.c                      0x00000000   Number         0  stm32f4xx_hal_tim.o ABSOLUTE
    stm32f4xx_hal_tim_ex.c                   0x00000000   Number         0  stm32f4xx_hal_tim_ex.o ABSOLUTE
    stm32f4xx_it.c                           0x00000000   Number         0  stm32f4xx_it.o ABSOLUTE
    stm32f4xx_nucleo_144.c                   0x00000000   Number         0  stm32f4xx_nucleo_144.o ABSOLUTE
    system_stm32f4xx.c                       0x00000000   Number         0  system_stm32f4xx.o ABSOLUTE
    terminal.c                               0x00000000   Number         0  terminal.o ABSOLUTE
    testsoftware.c                           0x00000000   Number         0  testsoftware.o ABSOLUTE
    timer.c                                  0x00000000   Number         0  timer.o ABSOLUTE
    RESET                                    0x08000000   Section      428  startup_stm32f429xx.o(RESET)
    .ARM.Collect$$$$00000000                 0x080001ac   Section        0  entry.o(.ARM.Collect$$$$00000000)
    .ARM.Collect$$$$00000001                 0x080001ac   Section        4  entry2.o(.ARM.Collect$$$$00000001)
    .ARM.Collect$$$$00000004                 0x080001b0   Section        4  entry5.o(.ARM.Collect$$$$00000004)
    .ARM.Collect$$$$00000008                 0x080001b4   Section        0  entry7b.o(.ARM.Collect$$$$00000008)
    .ARM.Collect$$$$0000000A                 0x080001b4   Section        0  entry8b.o(.ARM.Collect$$$$0000000A)
    .ARM.Collect$$$$0000000B                 0x080001b4   Section        8  entry9a.o(.ARM.Collect$$$$0000000B)
    __lit__00000000                          0x080001bc   Data           4  entry2.o(.ARM.Collect$$$$00002712)
    .ARM.Collect$$$$0000000D                 0x080001bc   Section        0  entry10a.o(.ARM.Collect$$$$0000000D)
    .ARM.Collect$$$$0000000F                 0x080001bc   Section        0  entry11a.o(.ARM.Collect$$$$0000000F)
    .ARM.Collect$$$$00002712                 0x080001bc   Section        4  entry2.o(.ARM.Collect$$$$00002712)
    $v0                                      0x080001c0   Number         0  startup_stm32f429xx.o(.text)
    .text                                    0x080001c0   Section       36  startup_stm32f429xx.o(.text)
    .text                                    0x080001e4   Section        0  uldiv.o(.text)
    .text                                    0x08000246   Section        0  memcpya.o(.text)
    .text                                    0x0800026a   Section        0  memseta.o(.text)
    .text                                    0x0800028e   Section        0  strlen.o(.text)
    .text                                    0x0800029c   Section        0  llshl.o(.text)
    .text                                    0x080002ba   Section        0  llushr.o(.text)
    .text                                    0x080002dc   Section       48  init.o(.text)
    [Anonymous Symbol]                       0x0800030c   Section        0  stm32f4xx_it.o(.text.BusFault_Handler)
    [Anonymous Symbol]                       0x08000310   Section        0  stm32f4xx_it.o(.text.DebugMon_Handler)
    [Anonymous Symbol]                       0x08000314   Section        0  LCD_Tools.o(.text.Driver_Delay_ms)
    [Anonymous Symbol]                       0x08000318   Section        0  stm32f4xx_it.o(.text.ETH_IRQHandler)
    [Anonymous Symbol]                       0x08000324   Section        0  error.o(.text.Error_Handler)
    [Anonymous Symbol]                       0x0800040c   Section        0  LCD_GPIO.o(.text.GPIO_Init)
    [Anonymous Symbol]                       0x08000548   Section        0  LCD_GUI.o(.text.GUI_disNum)
    [Anonymous Symbol]                       0x0800059c   Section        0  LCD_GUI.o(.text.GUI_disStr)
    [Anonymous Symbol]                       0x080006b0   Section        0  LCD_GUI.o(.text.GUI_drawRectangle)
    [Anonymous Symbol]                       0x08000778   Section        0  LCD_GUI.o(.text.GUI_init)
    [Anonymous Symbol]                       0x0800078c   Section        0  stm32f4xx_hal.o(.text.HAL_Delay)
    [Anonymous Symbol]                       0x080007b4   Section        0  stm32f4xx_hal_eth.o(.text.HAL_ETH_ErrorCallback)
    [Anonymous Symbol]                       0x080007b8   Section        0  stm32f4xx_hal_eth.o(.text.HAL_ETH_IRQHandler)
    [Anonymous Symbol]                       0x08000824   Section        0  stm32f4xx_hal_eth.o(.text.HAL_ETH_RxCpltCallback)
    [Anonymous Symbol]                       0x08000828   Section        0  stm32f4xx_hal_eth.o(.text.HAL_ETH_TxCpltCallback)
    [Anonymous Symbol]                       0x0800082c   Section        0  stm32f4xx_hal_gpio.o(.text.HAL_GPIO_DeInit)
    [Anonymous Symbol]                       0x080009ec   Section        0  stm32f4xx_hal_gpio.o(.text.HAL_GPIO_Init)
    [Anonymous Symbol]                       0x08000bc0   Section        0  stm32f4xx_hal_gpio.o(.text.HAL_GPIO_TogglePin)
    [Anonymous Symbol]                       0x08000bd0   Section        0  stm32f4xx_hal_gpio.o(.text.HAL_GPIO_WritePin)
    [Anonymous Symbol]                       0x08000bdc   Section        0  stm32f4xx_hal.o(.text.HAL_GetTick)
    [Anonymous Symbol]                       0x08000be8   Section        0  stm32f4xx_hal.o(.text.HAL_IncTick)
    [Anonymous Symbol]                       0x08000c04   Section        0  stm32f4xx_hal.o(.text.HAL_Init)
    [Anonymous Symbol]                       0x08000c34   Section        0  stm32f4xx_hal.o(.text.HAL_InitTick)
    [Anonymous Symbol]                       0x08000c84   Section        0  stm32f4xx_hal.o(.text.HAL_MspInit)
    [Anonymous Symbol]                       0x08000c88   Section        0  stm32f4xx_hal_cortex.o(.text.HAL_NVIC_DisableIRQ)
    [Anonymous Symbol]                       0x08000cb4   Section        0  stm32f4xx_hal_cortex.o(.text.HAL_NVIC_SetPriority)
    [Anonymous Symbol]                       0x08000d0c   Section        0  stm32f4xx_hal_cortex.o(.text.HAL_NVIC_SetPriorityGrouping)
    [Anonymous Symbol]                       0x08000d2c   Section        0  stm32f4xx_hal_pwr_ex.o(.text.HAL_PWREx_EnableOverDrive)
    [Anonymous Symbol]                       0x08000da8   Section        0  stm32f4xx_hal_rcc.o(.text.HAL_RCC_ClockConfig)
    [Anonymous Symbol]                       0x08000f08   Section        0  stm32f4xx_hal_rcc.o(.text.HAL_RCC_GetPCLK1Freq)
    [Anonymous Symbol]                       0x08000f30   Section        0  stm32f4xx_hal_rcc.o(.text.HAL_RCC_GetSysClockFreq)
    [Anonymous Symbol]                       0x08000f9c   Section        0  stm32f4xx_hal_rcc.o(.text.HAL_RCC_OscConfig)
    [Anonymous Symbol]                       0x080012fc   Section        0  stm32f4xx_hal_cortex.o(.text.HAL_SYSTICK_Config)
    [Anonymous Symbol]                       0x08001328   Section        0  stm32f4xx_hal_tim_ex.o(.text.HAL_TIMEx_MasterConfigSynchronization)
    [Anonymous Symbol]                       0x080013e0   Section        0  stm32f4xx_hal_tim.o(.text.HAL_TIM_PWM_ConfigChannel)
    [Anonymous Symbol]                       0x080015fc   Section        0  stm32f4xx_hal_tim.o(.text.HAL_TIM_PWM_Init)
    [Anonymous Symbol]                       0x08001634   Section        0  LCD_TIM.o(.text.HAL_TIM_PWM_MspInit)
    [Anonymous Symbol]                       0x08001668   Section        0  stm32f4xx_hal_tim.o(.text.HAL_TIM_PWM_Start)
    [Anonymous Symbol]                       0x080016b4   Section        0  stm32f4xx_it.o(.text.HardFault_Handler)
    [Anonymous Symbol]                       0x080016b8   Section        0  LCD_Tools.o(.text.LCDErrHandler)
    [Anonymous Symbol]                       0x08001734   Section        0  LCD_Driver.o(.text.LCD_clear)
    [Anonymous Symbol]                       0x08001744   Section        0  LCD_Driver.o(.text.LCD_fillRectangleBW)
    [Anonymous Symbol]                       0x08001878   Section        0  LCD_Driver.o(.text.LCD_fillRectangleMC)
    [Anonymous Symbol]                       0x08001948   Section        0  LCD_Driver.o(.text.LCD_init)
    LCD_setWindow                            0x08001b8d   Thumb Code   508  LCD_Driver.o(.text.LCD_setWindow)
    [Anonymous Symbol]                       0x08001b8c   Section        0  LCD_Driver.o(.text.LCD_setWindow)
    [Anonymous Symbol]                       0x08001d88   Section        0  stm32f4xx_it.o(.text.MemManage_Handler)
    [Anonymous Symbol]                       0x08001d8c   Section        0  stm32f4xx_it.o(.text.NMI_Handler)
    [Anonymous Symbol]                       0x08001d90   Section        0  LCD_TIM.o(.text.PWM_SetValue)
    [Anonymous Symbol]                       0x08001dc0   Section        0  stm32f4xx_it.o(.text.PendSV_Handler)
    [Anonymous Symbol]                       0x08001dc4   Section        0  LCD_SPI.o(.text.SPI4W_Write_Byte)
    [Anonymous Symbol]                       0x08001ee4   Section        0  LCD_SPI.o(.text.SPIinit)
    [Anonymous Symbol]                       0x08001fac   Section        0  stm32f4xx_it.o(.text.SVC_Handler)
    [Anonymous Symbol]                       0x08001fb0   Section        0  stm32f4xx_it.o(.text.SysTick_Handler)
    [Anonymous Symbol]                       0x08001fb4   Section        0  system_stm32f4xx.o(.text.SystemInit)
    [Anonymous Symbol]                       0x0800200c   Section        0  LCD_TIM.o(.text.TIM4_Init)
    [Anonymous Symbol]                       0x080020c4   Section        0  stm32f4xx_hal_tim.o(.text.TIM_Base_SetConfig)
    [Anonymous Symbol]                       0x080021e8   Section        0  LCD_Touch.o(.text.TP_InitBasic)
    USART3_Control                           0x08002235   Thumb Code  2132  USART_STM32F4xx.o(.text.USART3_Control)
    [Anonymous Symbol]                       0x08002234   Section        0  USART_STM32F4xx.o(.text.USART3_Control)
    USART3_GetCapabilities                   0x08002a89   Thumb Code     6  USART_STM32F4xx.o(.text.USART3_GetCapabilities)
    [Anonymous Symbol]                       0x08002a88   Section        0  USART_STM32F4xx.o(.text.USART3_GetCapabilities)
    USART3_GetModemStatus                    0x08002a91   Thumb Code     4  USART_STM32F4xx.o(.text.USART3_GetModemStatus)
    [Anonymous Symbol]                       0x08002a90   Section        0  USART_STM32F4xx.o(.text.USART3_GetModemStatus)
    USART3_GetRxCount                        0x08002a95   Thumb Code    12  USART_STM32F4xx.o(.text.USART3_GetRxCount)
    [Anonymous Symbol]                       0x08002a94   Section        0  USART_STM32F4xx.o(.text.USART3_GetRxCount)
    USART3_GetStatus                         0x08002aa1   Thumb Code   116  USART_STM32F4xx.o(.text.USART3_GetStatus)
    [Anonymous Symbol]                       0x08002aa0   Section        0  USART_STM32F4xx.o(.text.USART3_GetStatus)
    USART3_GetTxCount                        0x08002b15   Thumb Code    12  USART_STM32F4xx.o(.text.USART3_GetTxCount)
    [Anonymous Symbol]                       0x08002b14   Section        0  USART_STM32F4xx.o(.text.USART3_GetTxCount)
    [Anonymous Symbol]                       0x08002b20   Section        0  USART_STM32F4xx.o(.text.USART3_IRQHandler)
    USART3_Initialize                        0x08002b2d   Thumb Code   102  USART_STM32F4xx.o(.text.USART3_Initialize)
    [Anonymous Symbol]                       0x08002b2c   Section        0  USART_STM32F4xx.o(.text.USART3_Initialize)
    USART3_PowerControl                      0x08002b95   Thumb Code     4  USART_STM32F4xx.o(.text.USART3_PowerControl)
    [Anonymous Symbol]                       0x08002b94   Section        0  USART_STM32F4xx.o(.text.USART3_PowerControl)
    USART3_Receive                           0x08002b99   Thumb Code   184  USART_STM32F4xx.o(.text.USART3_Receive)
    [Anonymous Symbol]                       0x08002b98   Section        0  USART_STM32F4xx.o(.text.USART3_Receive)
    USART3_Send                              0x08002c51   Thumb Code   120  USART_STM32F4xx.o(.text.USART3_Send)
    [Anonymous Symbol]                       0x08002c50   Section        0  USART_STM32F4xx.o(.text.USART3_Send)
    USART3_SetModemControl                   0x08002cc9   Thumb Code    46  USART_STM32F4xx.o(.text.USART3_SetModemControl)
    [Anonymous Symbol]                       0x08002cc8   Section        0  USART_STM32F4xx.o(.text.USART3_SetModemControl)
    USART3_Transfer                          0x08002cf9   Thumb Code   198  USART_STM32F4xx.o(.text.USART3_Transfer)
    [Anonymous Symbol]                       0x08002cf8   Section        0  USART_STM32F4xx.o(.text.USART3_Transfer)
    USART3_Uninitialize                      0x08002dc1   Thumb Code   108  USART_STM32F4xx.o(.text.USART3_Uninitialize)
    [Anonymous Symbol]                       0x08002dc0   Section        0  USART_STM32F4xx.o(.text.USART3_Uninitialize)
    [Anonymous Symbol]                       0x08002e2c   Section        0  USART_STM32F4xx.o(.text.USART_IRQHandler)
    USART_PowerControl                       0x08003051   Thumb Code   230  USART_STM32F4xx.o(.text.USART_PowerControl)
    [Anonymous Symbol]                       0x08003050   Section        0  USART_STM32F4xx.o(.text.USART_PowerControl)
    USARTx_GetVersion                        0x08003139   Thumb Code    10  USART_STM32F4xx.o(.text.USARTx_GetVersion)
    [Anonymous Symbol]                       0x08003138   Section        0  USART_STM32F4xx.o(.text.USARTx_GetVersion)
    [Anonymous Symbol]                       0x08003144   Section        0  stm32f4xx_it.o(.text.UsageFault_Handler)
    [Anonymous Symbol]                       0x08003148   Section        0  init.o(.text.initITSboard)
    [Anonymous Symbol]                       0x080032a8   Section        0  LCD_Tools.o(.text.itoa)
    [Anonymous Symbol]                       0x08003488   Section        0  lcd.o(.text.lcdPrintS)
    [Anonymous Symbol]                       0x080035d4   Section        0  lcd.o(.text.lcdPrintlnS)
    [Anonymous Symbol]                       0x08003610   Section        0  main.o(.text.main)
    [Anonymous Symbol]                       0x08003658   Section        0  LCD_Debug.o(.text.printDebugMsg)
    [Anonymous Symbol]                       0x080036f8   Section        0  stdinout_USART.o(.text.stdinout_init)
    i.__scatterload_copy                     0x0800373c   Section       14  handlers.o(i.__scatterload_copy)
    i.__scatterload_null                     0x0800374a   Section        2  handlers.o(i.__scatterload_null)
    i.__scatterload_zeroinit                 0x0800374c   Section       14  handlers.o(i.__scatterload_zeroinit)
    USART3_Resources                         0x080037ac   Data          52  USART_STM32F4xx.o(.rodata.USART3_Resources)
    USART3_rx                                0x080037e0   Data          12  USART_STM32F4xx.o(.rodata.USART3_rx)
    [Anonymous Symbol]                       0x080037e0   Section        0  USART_STM32F4xx.o(.rodata.USART3_rx)
    USART3_tx                                0x080037ec   Data          12  USART_STM32F4xx.o(.rodata.USART3_tx)
    [Anonymous Symbol]                       0x080037ec   Section        0  USART_STM32F4xx.o(.rodata.USART3_tx)
    .L.str                                   0x0800385f   Data          75  LCD_GUI.o(.rodata.str1.1)
    [Anonymous Symbol]                       0x0800385f   Section        0  LCD_GUI.o(.rodata.str1.1)
    .L.str                                   0x080038aa   Data          75  LCD_SPI.o(.rodata.str1.1)
    [Anonymous Symbol]                       0x080038aa   Section        0  LCD_SPI.o(.rodata.str1.1)
    .L.str                                   0x080038f5   Data          75  LCD_TIM.o(.rodata.str1.1)
    [Anonymous Symbol]                       0x080038f5   Section        0  LCD_TIM.o(.rodata.str1.1)
    crd                                      0x2000000c   Data           4  lcd.o(.data.crd)
    fontHeight                               0x20000010   Data           4  lcd.o(.data.fontHeight)
    fontWidth                                0x20000014   Data           4  lcd.o(.data.fontWidth)
    lcdFont                                  0x20000018   Data           4  lcd.o(.data.lcdFont)
    lcdmaxx                                  0x2000001c   Data           4  lcd.o(.data.lcdmaxx)
    lcdmaxy                                  0x20000020   Data           4  lcd.o(.data.lcdmaxy)
    save_restore_AltFn_SPI1_MOSI_Pin.saved_AF 0x20000024   Data           4  LCD_SPI.o(.data.save_restore_AltFn_SPI1_MOSI_Pin.saved_AF)
    USART3_Info                              0x20000078   Data          20  USART_STM32F4xx.o(.bss.USART3_Info)
    [Anonymous Symbol]                       0x20000078   Section        0  USART_STM32F4xx.o(.bss.USART3_Info)
    USART3_TransferInfo                      0x2000008c   Data          36  USART_STM32F4xx.o(.bss.USART3_TransferInfo)
    [Anonymous Symbol]                       0x2000008c   Section        0  USART_STM32F4xx.o(.bss.USART3_TransferInfo)
    htim4                                    0x200000b0   Data          64  LCD_TIM.o(.bss.htim4)
    sTP_DEV                                  0x200000f0   Data          24  LCD_Touch.o(.bss.sTP_DEV)
    STACK                                    0x20000110   Section     1024  startup_stm32f429xx.o(STACK)

    Global Symbols

    Symbol Name                              Value     Ov Type        Size  Object(Section)

    BuildAttributes$$THM_ISAv4$E$P$D$K$B$S$7EM$VFPi3$EXTD16$VFPS$VFMA$PE$A:L22UL41UL21$X:L11$S22US41US21$IEEE1$IW$~IW$USESV6$~STKCKD$USESV7$~SHL$OTIME$ROPI$IEEEJ$EBA8$MICROLIB$REQ8$PRES8$EABIv2 0x00000000   Number         0  anon$$obj.o ABSOLUTE
    _printf_a                                0x00000000   Number         0  printfstubs.o ABSOLUTE
    _printf_c                                0x00000000   Number         0  printfstubs.o ABSOLUTE
    _printf_charcount                        0x00000000   Number         0  printfstubs.o ABSOLUTE
    _printf_d                                0x00000000   Number         0  printfstubs.o ABSOLUTE
    _printf_e                                0x00000000   Number         0  printfstubs.o ABSOLUTE
    _printf_f                                0x00000000   Number         0  printfstubs.o ABSOLUTE
    _printf_flags                            0x00000000   Number         0  printfstubs.o ABSOLUTE
    _printf_fp_dec                           0x00000000   Number         0  printfstubs.o ABSOLUTE
    _printf_fp_hex                           0x00000000   Number         0  printfstubs.o ABSOLUTE
    _printf_g                                0x00000000   Number         0  printfstubs.o ABSOLUTE
    _printf_i                                0x00000000   Number         0  printfstubs.o ABSOLUTE
    _printf_int_dec                          0x00000000   Number         0  printfstubs.o ABSOLUTE
    _printf_l                                0x00000000   Number         0  printfstubs.o ABSOLUTE
    _printf_lc                               0x00000000   Number         0  printfstubs.o ABSOLUTE
    _printf_ll                               0x00000000   Number         0  printfstubs.o ABSOLUTE
    _printf_lld                              0x00000000   Number         0  printfstubs.o ABSOLUTE
    _printf_lli                              0x00000000   Number         0  printfstubs.o ABSOLUTE
    _printf_llo                              0x00000000   Number         0  printfstubs.o ABSOLUTE
    _printf_llu                              0x00000000   Number         0  printfstubs.o ABSOLUTE
    _printf_llx                              0x00000000   Number         0  printfstubs.o ABSOLUTE
    _printf_longlong_dec                     0x00000000   Number         0  printfstubs.o ABSOLUTE
    _printf_longlong_hex                     0x00000000   Number         0  printfstubs.o ABSOLUTE
    _printf_longlong_oct                     0x00000000   Number         0  printfstubs.o ABSOLUTE
    _printf_ls                               0x00000000   Number         0  printfstubs.o ABSOLUTE
    _printf_mbtowc                           0x00000000   Number         0  printfstubs.o ABSOLUTE
    _printf_n                                0x00000000   Number         0  printfstubs.o ABSOLUTE
    _printf_o                                0x00000000   Number         0  printfstubs.o ABSOLUTE
    _printf_p                                0x00000000   Number         0  printfstubs.o ABSOLUTE
    _printf_percent                          0x00000000   Number         0  printfstubs.o ABSOLUTE
    _printf_pre_padding                      0x00000000   Number         0  printfstubs.o ABSOLUTE
    _printf_return_value                     0x00000000   Number         0  printfstubs.o ABSOLUTE
    _printf_s                                0x00000000   Number         0  printfstubs.o ABSOLUTE
    _printf_sizespec                         0x00000000   Number         0  printfstubs.o ABSOLUTE
    _printf_str                              0x00000000   Number         0  printfstubs.o ABSOLUTE
    _printf_truncate_signed                  0x00000000   Number         0  printfstubs.o ABSOLUTE
    _printf_truncate_unsigned                0x00000000   Number         0  printfstubs.o ABSOLUTE
    _printf_u                                0x00000000   Number         0  printfstubs.o ABSOLUTE
    _printf_wc                               0x00000000   Number         0  printfstubs.o ABSOLUTE
    _printf_wctomb                           0x00000000   Number         0  printfstubs.o ABSOLUTE
    _printf_widthprec                        0x00000000   Number         0  printfstubs.o ABSOLUTE
    _printf_x                                0x00000000   Number         0  printfstubs.o ABSOLUTE
    __cpp_initialize__aeabi_                  - Undefined Weak Reference
    __cxa_finalize                            - Undefined Weak Reference
    __decompress                              - Undefined Weak Reference
    _clock_init                               - Undefined Weak Reference
    _microlib_exit                            - Undefined Weak Reference
    __Vectors_Size                           0x000001ac   Number         0  startup_stm32f429xx.o ABSOLUTE
    __Vectors                                0x08000000   Data           4  startup_stm32f429xx.o(RESET)
    __Vectors_End                            0x080001ac   Data           0  startup_stm32f429xx.o(RESET)
    __main                                   0x080001ad   Thumb Code     0  entry.o(.ARM.Collect$$$$00000000)
    _main_stk                                0x080001ad   Thumb Code     0  entry2.o(.ARM.Collect$$$$00000001)
    _main_scatterload                        0x080001b1   Thumb Code     0  entry5.o(.ARM.Collect$$$$00000004)
    __main_after_scatterload                 0x080001b5   Thumb Code     0  entry5.o(.ARM.Collect$$$$00000004)
    _main_clock                              0x080001b5   Thumb Code     0  entry7b.o(.ARM.Collect$$$$00000008)
    _main_cpp_init                           0x080001b5   Thumb Code     0  entry8b.o(.ARM.Collect$$$$0000000A)
    _main_init                               0x080001b5   Thumb Code     0  entry9a.o(.ARM.Collect$$$$0000000B)
    __rt_final_cpp                           0x080001bd   Thumb Code     0  entry10a.o(.ARM.Collect$$$$0000000D)
    __rt_final_exit                          0x080001bd   Thumb Code     0  entry11a.o(.ARM.Collect$$$$0000000F)
    Reset_Handler                            0x080001c1   Thumb Code     8  startup_stm32f429xx.o(.text)
    ADC_IRQHandler                           0x080001db   Thumb Code     0  startup_stm32f429xx.o(.text)
    CAN1_RX0_IRQHandler                      0x080001db   Thumb Code     0  startup_stm32f429xx.o(.text)
    CAN1_RX1_IRQHandler                      0x080001db   Thumb Code     0  startup_stm32f429xx.o(.text)
    CAN1_SCE_IRQHandler                      0x080001db   Thumb Code     0  startup_stm32f429xx.o(.text)
    CAN1_TX_IRQHandler                       0x080001db   Thumb Code     0  startup_stm32f429xx.o(.text)
    CAN2_RX0_IRQHandler                      0x080001db   Thumb Code     0  startup_stm32f429xx.o(.text)
    CAN2_RX1_IRQHandler                      0x080001db   Thumb Code     0  startup_stm32f429xx.o(.text)
    CAN2_SCE_IRQHandler                      0x080001db   Thumb Code     0  startup_stm32f429xx.o(.text)
    CAN2_TX_IRQHandler                       0x080001db   Thumb Code     0  startup_stm32f429xx.o(.text)
    DCMI_IRQHandler                          0x080001db   Thumb Code     0  startup_stm32f429xx.o(.text)
    DMA1_Stream0_IRQHandler                  0x080001db   Thumb Code     0  startup_stm32f429xx.o(.text)
    DMA1_Stream1_IRQHandler                  0x080001db   Thumb Code     0  startup_stm32f429xx.o(.text)
    DMA1_Stream2_IRQHandler                  0x080001db   Thumb Code     0  startup_stm32f429xx.o(.text)
    DMA1_Stream3_IRQHandler                  0x080001db   Thumb Code     0  startup_stm32f429xx.o(.text)
    DMA1_Stream4_IRQHandler                  0x080001db   Thumb Code     0  startup_stm32f429xx.o(.text)
    DMA1_Stream5_IRQHandler                  0x080001db   Thumb Code     0  startup_stm32f429xx.o(.text)
    DMA1_Stream6_IRQHandler                  0x080001db   Thumb Code     0  startup_stm32f429xx.o(.text)
    DMA1_Stream7_IRQHandler                  0x080001db   Thumb Code     0  startup_stm32f429xx.o(.text)
    DMA2D_IRQHandler                         0x080001db   Thumb Code     0  startup_stm32f429xx.o(.text)
    DMA2_Stream0_IRQHandler                  0x080001db   Thumb Code     0  startup_stm32f429xx.o(.text)
    DMA2_Stream1_IRQHandler                  0x080001db   Thumb Code     0  startup_stm32f429xx.o(.text)
    DMA2_Stream2_IRQHandler                  0x080001db   Thumb Code     0  startup_stm32f429xx.o(.text)
    DMA2_Stream3_IRQHandler                  0x080001db   Thumb Code     0  startup_stm32f429xx.o(.text)
    DMA2_Stream4_IRQHandler                  0x080001db   Thumb Code     0  startup_stm32f429xx.o(.text)
    DMA2_Stream5_IRQHandler                  0x080001db   Thumb Code     0  startup_stm32f429xx.o(.text)
    DMA2_Stream6_IRQHandler                  0x080001db   Thumb Code     0  startup_stm32f429xx.o(.text)
    DMA2_Stream7_IRQHandler                  0x080001db   Thumb Code     0  startup_stm32f429xx.o(.text)
    ETH_WKUP_IRQHandler                      0x080001db   Thumb Code     0  startup_stm32f429xx.o(.text)
    EXTI0_IRQHandler                         0x080001db   Thumb Code     0  startup_stm32f429xx.o(.text)
    EXTI15_10_IRQHandler                     0x080001db   Thumb Code     0  startup_stm32f429xx.o(.text)
    EXTI1_IRQHandler                         0x080001db   Thumb Code     0  startup_stm32f429xx.o(.text)
    EXTI2_IRQHandler                         0x080001db   Thumb Code     0  startup_stm32f429xx.o(.text)
    EXTI3_IRQHandler                         0x080001db   Thumb Code     0  startup_stm32f429xx.o(.text)
    EXTI4_IRQHandler                         0x080001db   Thumb Code     0  startup_stm32f429xx.o(.text)
    EXTI9_5_IRQHandler                       0x080001db   Thumb Code     0  startup_stm32f429xx.o(.text)
    FLASH_IRQHandler                         0x080001db   Thumb Code     0  startup_stm32f429xx.o(.text)
    FMC_IRQHandler                           0x080001db   Thumb Code     0  startup_stm32f429xx.o(.text)
    FPU_IRQHandler                           0x080001db   Thumb Code     0  startup_stm32f429xx.o(.text)
    HASH_RNG_IRQHandler                      0x080001db   Thumb Code     0  startup_stm32f429xx.o(.text)
    I2C1_ER_IRQHandler                       0x080001db   Thumb Code     0  startup_stm32f429xx.o(.text)
    I2C1_EV_IRQHandler                       0x080001db   Thumb Code     0  startup_stm32f429xx.o(.text)
    I2C2_ER_IRQHandler                       0x080001db   Thumb Code     0  startup_stm32f429xx.o(.text)
    I2C2_EV_IRQHandler                       0x080001db   Thumb Code     0  startup_stm32f429xx.o(.text)
    I2C3_ER_IRQHandler                       0x080001db   Thumb Code     0  startup_stm32f429xx.o(.text)
    I2C3_EV_IRQHandler                       0x080001db   Thumb Code     0  startup_stm32f429xx.o(.text)
    LTDC_ER_IRQHandler                       0x080001db   Thumb Code     0  startup_stm32f429xx.o(.text)
    LTDC_IRQHandler                          0x080001db   Thumb Code     0  startup_stm32f429xx.o(.text)
    OTG_FS_IRQHandler                        0x080001db   Thumb Code     0  startup_stm32f429xx.o(.text)
    OTG_FS_WKUP_IRQHandler                   0x080001db   Thumb Code     0  startup_stm32f429xx.o(.text)
    OTG_HS_EP1_IN_IRQHandler                 0x080001db   Thumb Code     0  startup_stm32f429xx.o(.text)
    OTG_HS_EP1_OUT_IRQHandler                0x080001db   Thumb Code     0  startup_stm32f429xx.o(.text)
    OTG_HS_IRQHandler                        0x080001db   Thumb Code     0  startup_stm32f429xx.o(.text)
    OTG_HS_WKUP_IRQHandler                   0x080001db   Thumb Code     0  startup_stm32f429xx.o(.text)
    PVD_IRQHandler                           0x080001db   Thumb Code     0  startup_stm32f429xx.o(.text)
    RCC_IRQHandler                           0x080001db   Thumb Code     0  startup_stm32f429xx.o(.text)
    RTC_Alarm_IRQHandler                     0x080001db   Thumb Code     0  startup_stm32f429xx.o(.text)
    RTC_WKUP_IRQHandler                      0x080001db   Thumb Code     0  startup_stm32f429xx.o(.text)
    SAI1_IRQHandler                          0x080001db   Thumb Code     0  startup_stm32f429xx.o(.text)
    SDIO_IRQHandler                          0x080001db   Thumb Code     0  startup_stm32f429xx.o(.text)
    SPI1_IRQHandler                          0x080001db   Thumb Code     0  startup_stm32f429xx.o(.text)
    SPI2_IRQHandler                          0x080001db   Thumb Code     0  startup_stm32f429xx.o(.text)
    SPI3_IRQHandler                          0x080001db   Thumb Code     0  startup_stm32f429xx.o(.text)
    SPI4_IRQHandler                          0x080001db   Thumb Code     0  startup_stm32f429xx.o(.text)
    SPI5_IRQHandler                          0x080001db   Thumb Code     0  startup_stm32f429xx.o(.text)
    SPI6_IRQHandler                          0x080001db   Thumb Code     0  startup_stm32f429xx.o(.text)
    TAMP_STAMP_IRQHandler                    0x080001db   Thumb Code     0  startup_stm32f429xx.o(.text)
    TIM1_BRK_TIM9_IRQHandler                 0x080001db   Thumb Code     0  startup_stm32f429xx.o(.text)
    TIM1_CC_IRQHandler                       0x080001db   Thumb Code     0  startup_stm32f429xx.o(.text)
    TIM1_TRG_COM_TIM11_IRQHandler            0x080001db   Thumb Code     0  startup_stm32f429xx.o(.text)
    TIM1_UP_TIM10_IRQHandler                 0x080001db   Thumb Code     0  startup_stm32f429xx.o(.text)
    TIM2_IRQHandler                          0x080001db   Thumb Code     0  startup_stm32f429xx.o(.text)
    TIM3_IRQHandler                          0x080001db   Thumb Code     0  startup_stm32f429xx.o(.text)
    TIM4_IRQHandler                          0x080001db   Thumb Code     0  startup_stm32f429xx.o(.text)
    TIM5_IRQHandler                          0x080001db   Thumb Code     0  startup_stm32f429xx.o(.text)
    TIM6_DAC_IRQHandler                      0x080001db   Thumb Code     0  startup_stm32f429xx.o(.text)
    TIM7_IRQHandler                          0x080001db   Thumb Code     0  startup_stm32f429xx.o(.text)
    TIM8_BRK_TIM12_IRQHandler                0x080001db   Thumb Code     0  startup_stm32f429xx.o(.text)
    TIM8_CC_IRQHandler                       0x080001db   Thumb Code     0  startup_stm32f429xx.o(.text)
    TIM8_TRG_COM_TIM14_IRQHandler            0x080001db   Thumb Code     0  startup_stm32f429xx.o(.text)
    TIM8_UP_TIM13_IRQHandler                 0x080001db   Thumb Code     0  startup_stm32f429xx.o(.text)
    UART4_IRQHandler                         0x080001db   Thumb Code     0  startup_stm32f429xx.o(.text)
    UART5_IRQHandler                         0x080001db   Thumb Code     0  startup_stm32f429xx.o(.text)
    UART7_IRQHandler                         0x080001db   Thumb Code     0  startup_stm32f429xx.o(.text)
    UART8_IRQHandler                         0x080001db   Thumb Code     0  startup_stm32f429xx.o(.text)
    USART1_IRQHandler                        0x080001db   Thumb Code     0  startup_stm32f429xx.o(.text)
    USART2_IRQHandler                        0x080001db   Thumb Code     0  startup_stm32f429xx.o(.text)
    USART6_IRQHandler                        0x080001db   Thumb Code     0  startup_stm32f429xx.o(.text)
    WWDG_IRQHandler                          0x080001db   Thumb Code     0  startup_stm32f429xx.o(.text)
    __aeabi_uldivmod                         0x080001e5   Thumb Code    98  uldiv.o(.text)
    __aeabi_memcpy                           0x08000247   Thumb Code    36  memcpya.o(.text)
    __aeabi_memcpy4                          0x08000247   Thumb Code     0  memcpya.o(.text)
    __aeabi_memcpy8                          0x08000247   Thumb Code     0  memcpya.o(.text)
    __aeabi_memset                           0x0800026b   Thumb Code    14  memseta.o(.text)
    __aeabi_memset4                          0x0800026b   Thumb Code     0  memseta.o(.text)
    __aeabi_memset8                          0x0800026b   Thumb Code     0  memseta.o(.text)
    __aeabi_memclr                           0x08000279   Thumb Code     4  memseta.o(.text)
    __aeabi_memclr4                          0x08000279   Thumb Code     0  memseta.o(.text)
    __aeabi_memclr8                          0x08000279   Thumb Code     0  memseta.o(.text)
    _memset$wrapper                          0x0800027d   Thumb Code    18  memseta.o(.text)
    strlen                                   0x0800028f   Thumb Code    14  strlen.o(.text)
    __aeabi_llsl                             0x0800029d   Thumb Code    30  llshl.o(.text)
    _ll_shift_l                              0x0800029d   Thumb Code     0  llshl.o(.text)
    __aeabi_llsr                             0x080002bb   Thumb Code    32  llushr.o(.text)
    _ll_ushift_r                             0x080002bb   Thumb Code     0  llushr.o(.text)
    __scatterload                            0x080002dd   Thumb Code    38  init.o(.text)
    __scatterload_rt2                        0x080002dd   Thumb Code     0  init.o(.text)
    BusFault_Handler                         0x0800030d   Thumb Code     2  stm32f4xx_it.o(.text.BusFault_Handler)
    DebugMon_Handler                         0x08000311   Thumb Code     2  stm32f4xx_it.o(.text.DebugMon_Handler)
    Driver_Delay_ms                          0x08000315   Thumb Code     4  LCD_Tools.o(.text.Driver_Delay_ms)
    ETH_IRQHandler                           0x08000319   Thumb Code    12  stm32f4xx_it.o(.text.ETH_IRQHandler)
    Error_Handler                            0x08000325   Thumb Code   232  error.o(.text.Error_Handler)
    GPIO_Init                                0x0800040d   Thumb Code   316  LCD_GPIO.o(.text.GPIO_Init)
    GUI_disNum                               0x08000549   Thumb Code    84  LCD_GUI.o(.text.GUI_disNum)
    GUI_disStr                               0x0800059d   Thumb Code   276  LCD_GUI.o(.text.GUI_disStr)
    GUI_drawRectangle                        0x080006b1   Thumb Code   198  LCD_GUI.o(.text.GUI_drawRectangle)
    GUI_init                                 0x08000779   Thumb Code    18  LCD_GUI.o(.text.GUI_init)
    HAL_Delay                                0x0800078d   Thumb Code    40  stm32f4xx_hal.o(.text.HAL_Delay)
    HAL_ETH_ErrorCallback                    0x080007b5   Thumb Code     2  stm32f4xx_hal_eth.o(.text.HAL_ETH_ErrorCallback)
    HAL_ETH_IRQHandler                       0x080007b9   Thumb Code   108  stm32f4xx_hal_eth.o(.text.HAL_ETH_IRQHandler)
    HAL_ETH_RxCpltCallback                   0x08000825   Thumb Code     2  stm32f4xx_hal_eth.o(.text.HAL_ETH_RxCpltCallback)
    HAL_ETH_TxCpltCallback                   0x08000829   Thumb Code     2  stm32f4xx_hal_eth.o(.text.HAL_ETH_TxCpltCallback)
    HAL_GPIO_DeInit                          0x0800082d   Thumb Code   446  stm32f4xx_hal_gpio.o(.text.HAL_GPIO_DeInit)
    HAL_GPIO_Init                            0x080009ed   Thumb Code   468  stm32f4xx_hal_gpio.o(.text.HAL_GPIO_Init)
    HAL_GPIO_TogglePin                       0x08000bc1   Thumb Code    14  stm32f4xx_hal_gpio.o(.text.HAL_GPIO_TogglePin)
    HAL_GPIO_WritePin                        0x08000bd1   Thumb Code    10  stm32f4xx_hal_gpio.o(.text.HAL_GPIO_WritePin)
    HAL_GetTick                              0x08000bdd   Thumb Code    12  stm32f4xx_hal.o(.text.HAL_GetTick)
    HAL_IncTick                              0x08000be9   Thumb Code    26  stm32f4xx_hal.o(.text.HAL_IncTick)
    HAL_Init                                 0x08000c05   Thumb Code    46  stm32f4xx_hal.o(.text.HAL_Init)
    HAL_InitTick                             0x08000c35   Thumb Code    80  stm32f4xx_hal.o(.text.HAL_InitTick)
    HAL_MspInit                              0x08000c85   Thumb Code     2  stm32f4xx_hal.o(.text.HAL_MspInit)
    HAL_NVIC_DisableIRQ                      0x08000c89   Thumb Code    42  stm32f4xx_hal_cortex.o(.text.HAL_NVIC_DisableIRQ)
    HAL_NVIC_SetPriority                     0x08000cb5   Thumb Code    86  stm32f4xx_hal_cortex.o(.text.HAL_NVIC_SetPriority)
    HAL_NVIC_SetPriorityGrouping             0x08000d0d   Thumb Code    32  stm32f4xx_hal_cortex.o(.text.HAL_NVIC_SetPriorityGrouping)
    HAL_PWREx_EnableOverDrive                0x08000d2d   Thumb Code   122  stm32f4xx_hal_pwr_ex.o(.text.HAL_PWREx_EnableOverDrive)
    HAL_RCC_ClockConfig                      0x08000da9   Thumb Code   352  stm32f4xx_hal_rcc.o(.text.HAL_RCC_ClockConfig)
    HAL_RCC_GetPCLK1Freq                     0x08000f09   Thumb Code    38  stm32f4xx_hal_rcc.o(.text.HAL_RCC_GetPCLK1Freq)
    HAL_RCC_GetSysClockFreq                  0x08000f31   Thumb Code   106  stm32f4xx_hal_rcc.o(.text.HAL_RCC_GetSysClockFreq)
    HAL_RCC_OscConfig                        0x08000f9d   Thumb Code   864  stm32f4xx_hal_rcc.o(.text.HAL_RCC_OscConfig)
    HAL_SYSTICK_Config                       0x080012fd   Thumb Code    44  stm32f4xx_hal_cortex.o(.text.HAL_SYSTICK_Config)
    HAL_TIMEx_MasterConfigSynchronization    0x08001329   Thumb Code   182  stm32f4xx_hal_tim_ex.o(.text.HAL_TIMEx_MasterConfigSynchronization)
    HAL_TIM_PWM_ConfigChannel                0x080013e1   Thumb Code   538  stm32f4xx_hal_tim.o(.text.HAL_TIM_PWM_ConfigChannel)
    HAL_TIM_PWM_Init                         0x080015fd   Thumb Code    54  stm32f4xx_hal_tim.o(.text.HAL_TIM_PWM_Init)
    HAL_TIM_PWM_MspInit                      0x08001635   Thumb Code    52  LCD_TIM.o(.text.HAL_TIM_PWM_MspInit)
    HAL_TIM_PWM_Start                        0x08001669   Thumb Code    76  stm32f4xx_hal_tim.o(.text.HAL_TIM_PWM_Start)
    HardFault_Handler                        0x080016b5   Thumb Code     2  stm32f4xx_it.o(.text.HardFault_Handler)
    LCDErrHandler                            0x080016b9   Thumb Code   122  LCD_Tools.o(.text.LCDErrHandler)
    LCD_clear                                0x08001735   Thumb Code    16  LCD_Driver.o(.text.LCD_clear)
    LCD_fillRectangleBW                      0x08001745   Thumb Code   308  LCD_Driver.o(.text.LCD_fillRectangleBW)
    LCD_fillRectangleMC                      0x08001879   Thumb Code   208  LCD_Driver.o(.text.LCD_fillRectangleMC)
    LCD_init                                 0x08001949   Thumb Code   578  LCD_Driver.o(.text.LCD_init)
    MemManage_Handler                        0x08001d89   Thumb Code     2  stm32f4xx_it.o(.text.MemManage_Handler)
    NMI_Handler                              0x08001d8d   Thumb Code     2  stm32f4xx_it.o(.text.NMI_Handler)
    PWM_SetValue                             0x08001d91   Thumb Code    46  LCD_TIM.o(.text.PWM_SetValue)
    PendSV_Handler                           0x08001dc1   Thumb Code     2  stm32f4xx_it.o(.text.PendSV_Handler)
    SPI4W_Write_Byte                         0x08001dc5   Thumb Code   286  LCD_SPI.o(.text.SPI4W_Write_Byte)
    SPIinit                                  0x08001ee5   Thumb Code   198  LCD_SPI.o(.text.SPIinit)
    SVC_Handler                              0x08001fad   Thumb Code     2  stm32f4xx_it.o(.text.SVC_Handler)
    SysTick_Handler                          0x08001fb1   Thumb Code     4  stm32f4xx_it.o(.text.SysTick_Handler)
    SystemInit                               0x08001fb5   Thumb Code    86  system_stm32f4xx.o(.text.SystemInit)
    TIM4_Init                                0x0800200d   Thumb Code   184  LCD_TIM.o(.text.TIM4_Init)
    TIM_Base_SetConfig                       0x080020c5   Thumb Code   292  stm32f4xx_hal_tim.o(.text.TIM_Base_SetConfig)
    TP_InitBasic                             0x080021e9   Thumb Code    74  LCD_Touch.o(.text.TP_InitBasic)
    USART3_IRQHandler                        0x08002b21   Thumb Code    12  USART_STM32F4xx.o(.text.USART3_IRQHandler)
    USART_IRQHandler                         0x08002e2d   Thumb Code   548  USART_STM32F4xx.o(.text.USART_IRQHandler)
    UsageFault_Handler                       0x08003145   Thumb Code     2  stm32f4xx_it.o(.text.UsageFault_Handler)
    initITSboard                             0x08003149   Thumb Code   352  init.o(.text.initITSboard)
    itoa                                     0x080032a9   Thumb Code   478  LCD_Tools.o(.text.itoa)
    lcdPrintS                                0x08003489   Thumb Code   332  lcd.o(.text.lcdPrintS)
    lcdPrintlnS                              0x080035d5   Thumb Code    58  lcd.o(.text.lcdPrintlnS)
    main                                     0x08003611   Thumb Code    36  main.o(.text.main)
    printDebugMsg                            0x08003659   Thumb Code   128  LCD_Debug.o(.text.printDebugMsg)
    stdinout_init                            0x080036f9   Thumb Code    68  stdinout_USART.o(.text.stdinout_init)
    __scatterload_copy                       0x0800373d   Thumb Code    14  handlers.o(i.__scatterload_copy)
    __scatterload_null                       0x0800374b   Thumb Code     2  handlers.o(i.__scatterload_null)
    __scatterload_zeroinit                   0x0800374d   Thumb Code    14  handlers.o(i.__scatterload_zeroinit)
    AHBPrescTable                            0x0800375a   Data          16  system_stm32f4xx.o(.rodata.AHBPrescTable)
    APBPrescTable                            0x0800376a   Data           8  system_stm32f4xx.o(.rodata.APBPrescTable)
    Driver_USART3                            0x08003774   Data          56  USART_STM32F4xx.o(.rodata.Driver_USART3)
    initCmds                                 0x080037f8   Data         103  LCD_Driver.o(.rodata.initCmds)
    Region$$Table$$Base                      0x08003940   Number         0  anon$$obj.o(Region$$Table)
    Region$$Table$$Limit                     0x08003960   Number         0  anon$$obj.o(Region$$Table)
    Font16FLASH                              0x20000000   Data           8  fontsFLASH.o(.data.Font16FLASH)
    SystemCoreClock                          0x20000008   Data           4  system_stm32f4xx.o(.data.SystemCoreClock)
    uwTickFreq                               0x20000028   Data           1  stm32f4xx_hal.o(.data.uwTickFreq)
    uwTickPrio                               0x2000002c   Data           4  stm32f4xx_hal.o(.data.uwTickPrio)
    EthHandle                                0x20000030   Data          72  stm32f4xx_it.o(.bss.EthHandle)
    uwTick                                   0x20000108   Data           4  stm32f4xx_hal.o(.bss.uwTick)
    __initial_sp                             0x20000510   Data           0  startup_stm32f429xx.o(STACK)



==============================================================================

Memory Map of the image

  Image Entry point : 0x080001c1

  Load Region LR_IROM1 (Base: 0x08000000, Size: 0x00003990, Max: 0x00200000, ABSOLUTE)

    Execution Region ER_IROM1 (Exec base: 0x08000000, Load base: 0x08000000, Size: 0x00003960, Max: 0x00200000, ABSOLUTE)

    Exec Addr    Load Addr    Size         Type   Attr      Idx    E Section Name        Object

    0x08000000   0x08000000   0x000001ac   Data   RO           50    RESET               startup_stm32f429xx.o
    0x080001ac   0x080001ac   0x00000000   Code   RO         1133  * .ARM.Collect$$$$00000000  mc_w.l(entry.o)
    0x080001ac   0x080001ac   0x00000004   Code   RO         1415    .ARM.Collect$$$$00000001  mc_w.l(entry2.o)
    0x080001b0   0x080001b0   0x00000004   Code   RO         1418    .ARM.Collect$$$$00000004  mc_w.l(entry5.o)
    0x080001b4   0x080001b4   0x00000000   Code   RO         1420    .ARM.Collect$$$$00000008  mc_w.l(entry7b.o)
    0x080001b4   0x080001b4   0x00000000   Code   RO         1422    .ARM.Collect$$$$0000000A  mc_w.l(entry8b.o)
    0x080001b4   0x080001b4   0x00000008   Code   RO         1423    .ARM.Collect$$$$0000000B  mc_w.l(entry9a.o)
    0x080001bc   0x080001bc   0x00000000   Code   RO         1425    .ARM.Collect$$$$0000000D  mc_w.l(entry10a.o)
    0x080001bc   0x080001bc   0x00000000   Code   RO         1427    .ARM.Collect$$$$0000000F  mc_w.l(entry11a.o)
    0x080001bc   0x080001bc   0x00000004   Code   RO         1416    .ARM.Collect$$$$00002712  mc_w.l(entry2.o)
    0x080001c0   0x080001c0   0x00000024   Code   RO           51  * .text               startup_stm32f429xx.o
    0x080001e4   0x080001e4   0x00000062   Code   RO         1140    .text               mc_w.l(uldiv.o)
    0x08000246   0x08000246   0x00000024   Code   RO         1142    .text               mc_w.l(memcpya.o)
    0x0800026a   0x0800026a   0x00000024   Code   RO         1144    .text               mc_w.l(memseta.o)
    0x0800028e   0x0800028e   0x0000000e   Code   RO         1146    .text               mc_w.l(strlen.o)
    0x0800029c   0x0800029c   0x0000001e   Code   RO         1445    .text               mc_w.l(llshl.o)
    0x080002ba   0x080002ba   0x00000020   Code   RO         1447    .text               mc_w.l(llushr.o)
    0x080002da   0x080002da   0x00000002   PAD
    0x080002dc   0x080002dc   0x00000030   Code   RO         1471    .text               mc_w.l(init.o)
    0x0800030c   0x0800030c   0x00000002   Code   RO           69    .text.BusFault_Handler  stm32f4xx_it.o
    0x0800030e   0x0800030e   0x00000002   PAD
    0x08000310   0x08000310   0x00000002   Code   RO           75    .text.DebugMon_Handler  stm32f4xx_it.o
    0x08000312   0x08000312   0x00000002   PAD
    0x08000314   0x08000314   0x00000004   Code   RO          964    .text.Driver_Delay_ms  LCD_Tools.o
    0x08000318   0x08000318   0x0000000c   Code   RO           81    .text.ETH_IRQHandler  stm32f4xx_it.o
    0x08000324   0x08000324   0x000000e8   Code   RO         1003    .text.Error_Handler  error.o
    0x0800040c   0x0800040c   0x0000013c   Code   RO          948    .text.GPIO_Init     LCD_GPIO.o
    0x08000548   0x08000548   0x00000054   Code   RO          904    .text.GUI_disNum    LCD_GUI.o
    0x0800059c   0x0800059c   0x00000114   Code   RO          902    .text.GUI_disStr    LCD_GUI.o
    0x080006b0   0x080006b0   0x000000c6   Code   RO          898    .text.GUI_drawRectangle  LCD_GUI.o
    0x08000776   0x08000776   0x00000002   PAD
    0x08000778   0x08000778   0x00000012   Code   RO          892    .text.GUI_init      LCD_GUI.o
    0x0800078a   0x0800078a   0x00000002   PAD
    0x0800078c   0x0800078c   0x00000028   Code   RO          220    .text.HAL_Delay     stm32f4xx_hal.o
    0x080007b4   0x080007b4   0x00000002   Code   RO          761    .text.HAL_ETH_ErrorCallback  stm32f4xx_hal_eth.o
    0x080007b6   0x080007b6   0x00000002   PAD
    0x080007b8   0x080007b8   0x0000006c   Code   RO          755    .text.HAL_ETH_IRQHandler  stm32f4xx_hal_eth.o
    0x08000824   0x08000824   0x00000002   Code   RO          757    .text.HAL_ETH_RxCpltCallback  stm32f4xx_hal_eth.o
    0x08000826   0x08000826   0x00000002   PAD
    0x08000828   0x08000828   0x00000002   Code   RO          759    .text.HAL_ETH_TxCpltCallback  stm32f4xx_hal_eth.o
    0x0800082a   0x0800082a   0x00000002   PAD
    0x0800082c   0x0800082c   0x000001be   Code   RO          164    .text.HAL_GPIO_DeInit  stm32f4xx_hal_gpio.o
    0x080009ea   0x080009ea   0x00000002   PAD
    0x080009ec   0x080009ec   0x000001d4   Code   RO          162    .text.HAL_GPIO_Init  stm32f4xx_hal_gpio.o
    0x08000bc0   0x08000bc0   0x0000000e   Code   RO          170    .text.HAL_GPIO_TogglePin  stm32f4xx_hal_gpio.o
    0x08000bce   0x08000bce   0x00000002   PAD
    0x08000bd0   0x08000bd0   0x0000000a   Code   RO          168    .text.HAL_GPIO_WritePin  stm32f4xx_hal_gpio.o
    0x08000bda   0x08000bda   0x00000002   PAD
    0x08000bdc   0x08000bdc   0x0000000c   Code   RO          212    .text.HAL_GetTick   stm32f4xx_hal.o
    0x08000be8   0x08000be8   0x0000001a   Code   RO          210    .text.HAL_IncTick   stm32f4xx_hal.o
    0x08000c02   0x08000c02   0x00000002   PAD
    0x08000c04   0x08000c04   0x0000002e   Code   RO          200    .text.HAL_Init      stm32f4xx_hal.o
    0x08000c32   0x08000c32   0x00000002   PAD
    0x08000c34   0x08000c34   0x00000050   Code   RO          202    .text.HAL_InitTick  stm32f4xx_hal.o
    0x08000c84   0x08000c84   0x00000002   Code   RO          204    .text.HAL_MspInit   stm32f4xx_hal.o
    0x08000c86   0x08000c86   0x00000002   PAD
    0x08000c88   0x08000c88   0x0000002a   Code   RO           92    .text.HAL_NVIC_DisableIRQ  stm32f4xx_hal_cortex.o
    0x08000cb2   0x08000cb2   0x00000002   PAD
    0x08000cb4   0x08000cb4   0x00000056   Code   RO           88    .text.HAL_NVIC_SetPriority  stm32f4xx_hal_cortex.o
    0x08000d0a   0x08000d0a   0x00000002   PAD
    0x08000d0c   0x08000d0c   0x00000020   Code   RO           86    .text.HAL_NVIC_SetPriorityGrouping  stm32f4xx_hal_cortex.o
    0x08000d2c   0x08000d2c   0x0000007a   Code   RO          192    .text.HAL_PWREx_EnableOverDrive  stm32f4xx_hal_pwr_ex.o
    0x08000da6   0x08000da6   0x00000002   PAD
    0x08000da8   0x08000da8   0x00000160   Code   RO          267    .text.HAL_RCC_ClockConfig  stm32f4xx_hal_rcc.o
    0x08000f08   0x08000f08   0x00000026   Code   RO          279    .text.HAL_RCC_GetPCLK1Freq  stm32f4xx_hal_rcc.o
    0x08000f2e   0x08000f2e   0x00000002   PAD
    0x08000f30   0x08000f30   0x0000006a   Code   RO          269    .text.HAL_RCC_GetSysClockFreq  stm32f4xx_hal_rcc.o
    0x08000f9a   0x08000f9a   0x00000002   PAD
    0x08000f9c   0x08000f9c   0x00000360   Code   RO          265    .text.HAL_RCC_OscConfig  stm32f4xx_hal_rcc.o
    0x080012fc   0x080012fc   0x0000002c   Code   RO           98    .text.HAL_SYSTICK_Config  stm32f4xx_hal_cortex.o
    0x08001328   0x08001328   0x000000b6   Code   RO          715    .text.HAL_TIMEx_MasterConfigSynchronization  stm32f4xx_hal_tim_ex.o
    0x080013de   0x080013de   0x00000002   PAD
    0x080013e0   0x080013e0   0x0000021a   Code   RO          447    .text.HAL_TIM_PWM_ConfigChannel  stm32f4xx_hal_tim.o
    0x080015fa   0x080015fa   0x00000002   PAD
    0x080015fc   0x080015fc   0x00000036   Code   RO          347    .text.HAL_TIM_PWM_Init  stm32f4xx_hal_tim.o
    0x08001632   0x08001632   0x00000002   PAD
    0x08001634   0x08001634   0x00000034   Code   RO          954    .text.HAL_TIM_PWM_MspInit  LCD_TIM.o
    0x08001668   0x08001668   0x0000004c   Code   RO          355    .text.HAL_TIM_PWM_Start  stm32f4xx_hal_tim.o
    0x080016b4   0x080016b4   0x00000002   Code   RO           65    .text.HardFault_Handler  stm32f4xx_it.o
    0x080016b6   0x080016b6   0x00000002   PAD
    0x080016b8   0x080016b8   0x0000007a   Code   RO          968    .text.LCDErrHandler  LCD_Tools.o
    0x08001732   0x08001732   0x00000002   PAD
    0x08001734   0x08001734   0x00000010   Code   RO          883    .text.LCD_clear     LCD_Driver.o
    0x08001744   0x08001744   0x00000134   Code   RO          881    .text.LCD_fillRectangleBW  LCD_Driver.o
    0x08001878   0x08001878   0x000000d0   Code   RO          877    .text.LCD_fillRectangleMC  LCD_Driver.o
    0x08001948   0x08001948   0x00000242   Code   RO          875    .text.LCD_init      LCD_Driver.o
    0x08001b8a   0x08001b8a   0x00000002   PAD
    0x08001b8c   0x08001b8c   0x000001fc   Code   RO          879    .text.LCD_setWindow  LCD_Driver.o
    0x08001d88   0x08001d88   0x00000002   Code   RO           67    .text.MemManage_Handler  stm32f4xx_it.o
    0x08001d8a   0x08001d8a   0x00000002   PAD
    0x08001d8c   0x08001d8c   0x00000002   Code   RO           63    .text.NMI_Handler   stm32f4xx_it.o
    0x08001d8e   0x08001d8e   0x00000002   PAD
    0x08001d90   0x08001d90   0x0000002e   Code   RO          958    .text.PWM_SetValue  LCD_TIM.o
    0x08001dbe   0x08001dbe   0x00000002   PAD
    0x08001dc0   0x08001dc0   0x00000002   Code   RO           77    .text.PendSV_Handler  stm32f4xx_it.o
    0x08001dc2   0x08001dc2   0x00000002   PAD
    0x08001dc4   0x08001dc4   0x0000011e   Code   RO          940    .text.SPI4W_Write_Byte  LCD_SPI.o
    0x08001ee2   0x08001ee2   0x00000002   PAD
    0x08001ee4   0x08001ee4   0x000000c6   Code   RO          934    .text.SPIinit       LCD_SPI.o
    0x08001faa   0x08001faa   0x00000002   PAD
    0x08001fac   0x08001fac   0x00000002   Code   RO           73    .text.SVC_Handler   stm32f4xx_it.o
    0x08001fae   0x08001fae   0x00000002   PAD
    0x08001fb0   0x08001fb0   0x00000004   Code   RO           79    .text.SysTick_Handler  stm32f4xx_it.o
    0x08001fb4   0x08001fb4   0x00000056   Code   RO           54    .text.SystemInit    system_stm32f4xx.o
    0x0800200a   0x0800200a   0x00000002   PAD
    0x0800200c   0x0800200c   0x000000b8   Code   RO          952    .text.TIM4_Init     LCD_TIM.o
    0x080020c4   0x080020c4   0x00000124   Code   RO          297    .text.TIM_Base_SetConfig  stm32f4xx_hal_tim.o
    0x080021e8   0x080021e8   0x0000004a   Code   RO          923    .text.TP_InitBasic  LCD_Touch.o
    0x08002232   0x08002232   0x00000002   PAD
    0x08002234   0x08002234   0x00000854   Code   RO         1097    .text.USART3_Control  USART_STM32F4xx.o
    0x08002a88   0x08002a88   0x00000006   Code   RO         1079    .text.USART3_GetCapabilities  USART_STM32F4xx.o
    0x08002a8e   0x08002a8e   0x00000002   PAD
    0x08002a90   0x08002a90   0x00000004   Code   RO         1103    .text.USART3_GetModemStatus  USART_STM32F4xx.o
    0x08002a94   0x08002a94   0x0000000c   Code   RO         1095    .text.USART3_GetRxCount  USART_STM32F4xx.o
    0x08002aa0   0x08002aa0   0x00000074   Code   RO         1099    .text.USART3_GetStatus  USART_STM32F4xx.o
    0x08002b14   0x08002b14   0x0000000c   Code   RO         1093    .text.USART3_GetTxCount  USART_STM32F4xx.o
    0x08002b20   0x08002b20   0x0000000c   Code   RO         1075    .text.USART3_IRQHandler  USART_STM32F4xx.o
    0x08002b2c   0x08002b2c   0x00000066   Code   RO         1081    .text.USART3_Initialize  USART_STM32F4xx.o
    0x08002b92   0x08002b92   0x00000002   PAD
    0x08002b94   0x08002b94   0x00000004   Code   RO         1085    .text.USART3_PowerControl  USART_STM32F4xx.o
    0x08002b98   0x08002b98   0x000000b8   Code   RO         1089    .text.USART3_Receive  USART_STM32F4xx.o
    0x08002c50   0x08002c50   0x00000078   Code   RO         1087    .text.USART3_Send   USART_STM32F4xx.o
    0x08002cc8   0x08002cc8   0x0000002e   Code   RO         1101    .text.USART3_SetModemControl  USART_STM32F4xx.o
    0x08002cf6   0x08002cf6   0x00000002   PAD
    0x08002cf8   0x08002cf8   0x000000c6   Code   RO         1091    .text.USART3_Transfer  USART_STM32F4xx.o
    0x08002dbe   0x08002dbe   0x00000002   PAD
    0x08002dc0   0x08002dc0   0x0000006c   Code   RO         1083    .text.USART3_Uninitialize  USART_STM32F4xx.o
    0x08002e2c   0x08002e2c   0x00000224   Code   RO         1073    .text.USART_IRQHandler  USART_STM32F4xx.o
    0x08003050   0x08003050   0x000000e6   Code   RO         1105    .text.USART_PowerControl  USART_STM32F4xx.o
    0x08003136   0x08003136   0x00000002   PAD
    0x08003138   0x08003138   0x0000000a   Code   RO         1077    .text.USARTx_GetVersion  USART_STM32F4xx.o
    0x08003142   0x08003142   0x00000002   PAD
    0x08003144   0x08003144   0x00000002   Code   RO           71    .text.UsageFault_Handler  stm32f4xx_it.o
    0x08003146   0x08003146   0x00000002   PAD
    0x08003148   0x08003148   0x00000160   Code   RO         1030    .text.initITSboard  init.o
    0x080032a8   0x080032a8   0x000001de   Code   RO          970    .text.itoa          LCD_Tools.o
    0x08003486   0x08003486   0x00000002   PAD
    0x08003488   0x08003488   0x0000014c   Code   RO         1007    .text.lcdPrintS     lcd.o
    0x080035d4   0x080035d4   0x0000003a   Code   RO         1013    .text.lcdPrintlnS   lcd.o
    0x0800360e   0x0800360e   0x00000002   PAD
    0x08003610   0x08003610   0x00000048   Code   RO         1123    .text.main          main.o
    0x08003658   0x08003658   0x000000a0   Code   RO          989    .text.printDebugMsg  LCD_Debug.o
    0x080036f8   0x080036f8   0x00000044   Code   RO         1115    .text.stdinout_init  stdinout_USART.o
    0x0800373c   0x0800373c   0x0000000e   Code   RO         1479    i.__scatterload_copy  mc_w.l(handlers.o)
    0x0800374a   0x0800374a   0x00000002   Code   RO         1480    i.__scatterload_null  mc_w.l(handlers.o)
    0x0800374c   0x0800374c   0x0000000e   Code   RO         1481    i.__scatterload_zeroinit  mc_w.l(handlers.o)
    0x0800375a   0x0800375a   0x00000010   Data   RO           59    .rodata.AHBPrescTable  system_stm32f4xx.o
    0x0800376a   0x0800376a   0x00000008   Data   RO           60    .rodata.APBPrescTable  system_stm32f4xx.o
    0x08003772   0x08003772   0x00000002   PAD
    0x08003774   0x08003774   0x00000038   Data   RO         1107    .rodata.Driver_USART3  USART_STM32F4xx.o
    0x080037ac   0x080037ac   0x00000034   Data   RO         1112    .rodata.USART3_Resources  USART_STM32F4xx.o
    0x080037e0   0x080037e0   0x0000000c   Data   RO         1109    .rodata.USART3_rx   USART_STM32F4xx.o
    0x080037ec   0x080037ec   0x0000000c   Data   RO         1108    .rodata.USART3_tx   USART_STM32F4xx.o
    0x080037f8   0x080037f8   0x00000067   Data   RO          889    .rodata.initCmds    LCD_Driver.o
    0x0800385f   0x0800385f   0x0000004b   Data   RO          914    .rodata.str1.1      LCD_GUI.o
    0x080038aa   0x080038aa   0x0000004b   Data   RO          944    .rodata.str1.1      LCD_SPI.o
    0x080038f5   0x080038f5   0x0000004b   Data   RO          961    .rodata.str1.1      LCD_TIM.o
    0x08003940   0x08003940   0x00000020   Data   RO         1478    Region$$Table       anon$$obj.o


    Execution Region RW_IRAM1 (Exec base: 0x20000000, Load base: 0x08003960, Size: 0x00000510, Max: 0x00030000, ABSOLUTE)

    Exec Addr    Load Addr    Size         Type   Attr      Idx    E Section Name        Object

    0x20000000   0x08003960   0x00000008   Data   RW          851    .data.Font16FLASH   fontsFLASH.o
    0x20000008   0x08003968   0x00000004   Data   RW           58    .data.SystemCoreClock  system_stm32f4xx.o
    0x2000000c   0x0800396c   0x00000004   Data   RW         1023    .data.crd           lcd.o
    0x20000010   0x08003970   0x00000004   Data   RW         1024    .data.fontHeight    lcd.o
    0x20000014   0x08003974   0x00000004   Data   RW         1022    .data.fontWidth     lcd.o
    0x20000018   0x08003978   0x00000004   Data   RW         1025    .data.lcdFont       lcd.o
    0x2000001c   0x0800397c   0x00000004   Data   RW         1021    .data.lcdmaxx       lcd.o
    0x20000020   0x08003980   0x00000004   Data   RW         1026    .data.lcdmaxy       lcd.o
    0x20000024   0x08003984   0x00000004   Data   RW          945    .data.save_restore_AltFn_SPI1_MOSI_Pin.saved_AF  LCD_SPI.o
    0x20000028   0x08003988   0x00000001   Data   RW          259    .data.uwTickFreq    stm32f4xx_hal.o
    0x20000029   0x08003989   0x00000003   PAD
    0x2000002c   0x0800398c   0x00000004   Data   RW          258    .data.uwTickPrio    stm32f4xx_hal.o
    0x20000030        -       0x00000048   Zero   RW           83    .bss.EthHandle      stm32f4xx_it.o
    0x20000078        -       0x00000014   Zero   RW         1110    .bss.USART3_Info    USART_STM32F4xx.o
    0x2000008c        -       0x00000024   Zero   RW         1111    .bss.USART3_TransferInfo  USART_STM32F4xx.o
    0x200000b0        -       0x00000040   Zero   RW          960    .bss.htim4          LCD_TIM.o
    0x200000f0        -       0x00000018   Zero   RW          930    .bss.sTP_DEV        LCD_Touch.o
    0x20000108        -       0x00000004   Zero   RW          260    .bss.uwTick         stm32f4xx_hal.o
    0x2000010c   0x08003990   0x00000004   PAD
    0x20000110        -       0x00000400   Zero   RW           48    STACK               startup_stm32f429xx.o


==============================================================================

Image component sizes


      Code (inc. data)   RO Data    RW Data    ZI Data      Debug   Object Name

       160         32          0          0          0         56   LCD_Debug.o
      1618          0        103          0          0        228   LCD_Driver.o
       316          0          0          0          0         60   LCD_GPIO.o
       576          0         75          0          0        372   LCD_GUI.o
       484          0         75          4          0        124   LCD_SPI.o
       282          0         75          0         64        116   LCD_TIM.o
       604          0          0          0          0        112   LCD_Tools.o
        74          0          0          0         24        220   LCD_Touch.o
      3844         54        132          0         56        400   USART_STM32F4xx.o
       232          0          0          0          0         40   error.o
         0          0          0          8          0          0   fontsFLASH.o
       352          0          0          0          0         80   init.o
       390          0          0         24          0        236   lcd.o
        72         36          0          0          0         36   main.o
        36          8        428          0       1024        276   startup_stm32f429xx.o
        68          0          0          0          0        104   stdinout_USART.o
       206          0          0          5          4        536   stm32f4xx_hal.o
       204          0          0          0          0        356   stm32f4xx_hal_cortex.o
       114          0          0          0          0        572   stm32f4xx_hal_eth.o
       938          0          0          0          0        200   stm32f4xx_hal_gpio.o
       122          0          0          0          0        252   stm32f4xx_hal_pwr_ex.o
      1360          4          0          0          0        312   stm32f4xx_hal_rcc.o
       960          4          0          0          0       2196   stm32f4xx_hal_tim.o
       182          0          0          0          0        800   stm32f4xx_hal_tim_ex.o
        32          0          0          0         72        180   stm32f4xx_it.o
        86          0         24          4          0         60   system_stm32f4xx.o

    ----------------------------------------------------------------------
     13396        138        946         48       1248       7924   Object Totals
         0          0         32          0          0          0   (incl. Generated)
        84          0          2          3          4          0   (incl. Padding)

    ----------------------------------------------------------------------

      Code (inc. data)   RO Data    RW Data    ZI Data      Debug   Library Member Name

         0          0          0          0          0          0   entry.o
         0          0          0          0          0          0   entry10a.o
         0          0          0          0          0          0   entry11a.o
         8          4          0          0          0          0   entry2.o
         4          0          0          0          0          0   entry5.o
         0          0          0          0          0          0   entry7b.o
         0          0          0          0          0          0   entry8b.o
         8          4          0          0          0          0   entry9a.o
        30          0          0          0          0          0   handlers.o
        48         10          0          0          0         68   init.o
        30          0          0          0          0         68   llshl.o
        32          0          0          0          0         68   llushr.o
        36          0          0          0          0         68   memcpya.o
        36          0          0          0          0        108   memseta.o
        14          0          0          0          0         68   strlen.o
        98          0          0          0          0         92   uldiv.o

    ----------------------------------------------------------------------
       346         18          0          0          0        540   Library Totals
         2          0          0          0          0          0   (incl. Padding)

    ----------------------------------------------------------------------

      Code (inc. data)   RO Data    RW Data    ZI Data      Debug   Library Name

       344         18          0          0          0        540   mc_w.l

    ----------------------------------------------------------------------
       346         18          0          0          0        540   Library Totals

    ----------------------------------------------------------------------

==============================================================================


      Code (inc. data)   RO Data    RW Data    ZI Data      Debug   

     13742        156        946         48       1248       8052   Grand Totals
     13742        156        946         48       1248       8052   ELF Image Totals
     13742        156        946         48          0          0   ROM Totals

==============================================================================

    Total RO  Size (Code + RO Data)                14688 (  14.34kB)
    Total RW  Size (RW Data + ZI Data)              1296 (   1.27kB)
    Total ROM Size (Code + RO Data + RW Data)      14736 (  14.39kB)

==============================================================================

